cty.Value{
	ty: cty.Type{
		typeImpl: cty.typeObject{AttrTypes: map[string]cty.Type{
			"api_endpoint": {typeImpl: cty.primitiveType{
				Kind: cty.primitiveTypeKind(83),
			}},
			"api_key_selection_expression": {typeImpl: cty.primitiveType{Kind: cty.primitiveTypeKind(83)}},
			"arn":                          {typeImpl: cty.primitiveType{Kind: cty.primitiveTypeKind(83)}},
			"body":                         {typeImpl: cty.primitiveType{Kind: cty.primitiveTypeKind(83)}},
			"cors_configuration": {typeImpl: cty.typeList{ElementTypeT: cty.Type{typeImpl: cty.typeObject{
				AttrTypes: map[string]cty.Type{
					"allow_headers": {
						typeImpl: cty.typeList{ElementTypeT: cty.Type{
							typeImpl: cty.primitiveType{Kind: cty.primitiveTypeKind(83)},
						}},
					},
					"allow_methods":  {typeImpl: cty.typeList{ElementTypeT: cty.Type{typeImpl: cty.primitiveType{Kind: cty.primitiveTypeKind(83)}}}},
					"allow_origins":  {typeImpl: cty.typeList{ElementTypeT: cty.Type{typeImpl: cty.primitiveType{Kind: cty.primitiveTypeKind(83)}}}},
					"expose_headers": {typeImpl: cty.typeList{ElementTypeT: cty.Type{typeImpl: cty.primitiveType{Kind: cty.primitiveTypeKind(83)}}}},
					"max_age":        {typeImpl: cty.primitiveType{Kind: cty.primitiveTypeKind(78)}},
				},
			}}}},
			"credentials_arn":              {typeImpl: cty.primitiveType{Kind: cty.primitiveTypeKind(83)}},
			"description":                  {typeImpl: cty.primitiveType{Kind: cty.primitiveTypeKind(83)}},
			"disable_execute_api_endpoint": {typeImpl: cty.primitiveType{Kind: cty.primitiveTypeKind(66)}},
			"execution_arn":                {typeImpl: cty.primitiveType{Kind: cty.primitiveTypeKind(83)}},
			"fail_on_warnings":             {typeImpl: cty.primitiveType{Kind: cty.primitiveTypeKind(66)}},
			"id":                           {typeImpl: cty.primitiveType{Kind: cty.primitiveTypeKind(83)}},
			"ip_address_type":              {typeImpl: cty.primitiveType{Kind: cty.primitiveTypeKind(83)}},
			"name":                         {typeImpl: cty.primitiveType{Kind: cty.primitiveTypeKind(83)}},
			"protocol_type":                {typeImpl: cty.primitiveType{Kind: cty.primitiveTypeKind(83)}},
			"region":                       {typeImpl: cty.primitiveType{Kind: cty.primitiveTypeKind(83)}},
			"route_key":                    {typeImpl: cty.primitiveType{Kind: cty.primitiveTypeKind(83)}},
			"route_selection_expression":   {typeImpl: cty.primitiveType{Kind: cty.primitiveTypeKind(83)}},
			"tags":                         {typeImpl: cty.typeMap{ElementTypeT: cty.Type{typeImpl: cty.primitiveType{Kind: cty.primitiveTypeKind(83)}}}},
			"tags_all":                     {typeImpl: cty.typeMap{ElementTypeT: cty.Type{typeImpl: cty.primitiveType{Kind: cty.primitiveTypeKind(83)}}}},
			"target":                       {typeImpl: cty.primitiveType{Kind: cty.primitiveTypeKind(83)}},
			"version":                      {typeImpl: cty.primitiveType{Kind: cty.primitiveTypeKind(83)}},
		}},
	},
	v: map[string]interface{}{
		"api_endpoint":                 "https://lpthp592a2.execute-api.us-east-1.amazonaws.com",
		"api_key_selection_expression": "$request.header.x-api-key",
		"arn":                          "arn:aws:apigateway:us-east-1::/apis/lpthp592a2",
		"body":                         nil,
		"cors_configuration":           []interface{}{},
		"credentials_arn":              nil,
		"description":                  "",
		"disable_execute_api_endpoint": false,
		"execution_arn":                "arn:aws:execute-api:us-east-1:894850187425:lpthp592a2",
		"fail_on_warnings":             nil,
		"id":                           "lpthp592a2",
		"ip_address_type":              "ipv4",
		"name":                         "serverless_lambda_gw-2syvikbb",
		"protocol_type":                "HTTP",
		"region":                       "us-east-1",
		"route_key":                    nil,
		"route_selection_expression":   "$request.method $request.path",
		"tags":                         map[string]interface{}{},
		"tags_all": map[string]interface{}{
			"environment": "test",
			"project":     "aws_lambda_api",
		},
		"target":  nil,
		"version": "",
	},
}
