adapter.StackExport{
	Deployment: apitype.DeploymentV3{
		Manifest: apitype.ManifestV1{
			Time: time.Date(2025,
				12,
				3,
				19,
				1,
				35,
				220603000,
				time.Local),
			Magic:   "a772ab84f380095f2bf2bdada3224c8afa8d437880060b501a3cc9c96071034b",
			Version: "v3.209.0",
		},
		SecretsProviders: &apitype.SecretsProvidersV1{
			Type: "service",
			State: json.RawMessage{
				123,
				10,
				32,
				32,
				32,
				32,
				32,
				32,
				32,
				32,
				32,
				32,
				32,
				32,
				32,
				32,
				32,
				32,
				34,
				117,
				114,
				108,
				34,
				58,
				32,
				34,
				104,
				116,
				116,
				112,
				115,
				58,
				47,
				47,
				97,
				112,
				105,
				46,
				112,
				117,
				108,
				117,
				109,
				105,
				46,
				99,
				111,
				109,
				34,
				44,
				10,
				32,
				32,
				32,
				32,
				32,
				32,
				32,
				32,
				32,
				32,
				32,
				32,
				32,
				32,
				32,
				32,
				34,
				111,
				119,
				110,
				101,
				114,
				34,
				58,
				32,
				34,
				112,
				117,
				108,
				117,
				109,
				105,
				34,
				44,
				10,
				32,
				32,
				32,
				32,
				32,
				32,
				32,
				32,
				32,
				32,
				32,
				32,
				32,
				32,
				32,
				32,
				34,
				112,
				114,
				111,
				106,
				101,
				99,
				116,
				34,
				58,
				32,
				34,
				112,
				117,
				108,
				117,
				109,
				105,
				45,
				115,
				116,
				97,
				116,
				101,
				45,
				97,
				100,
				97,
				112,
				116,
				101,
				114,
				45,
				56,
				56,
				48,
				51,
				34,
				44,
				10,
				32,
				32,
				32,
				32,
				32,
				32,
				32,
				32,
				32,
				32,
				32,
				32,
				32,
				32,
				32,
				32,
				34,
				115,
				116,
				97,
				99,
				107,
				34,
				58,
				32,
				34,
				100,
				101,
				118,
				34,
				10,
				32,
				32,
				32,
				32,
				32,
				32,
				32,
				32,
				32,
				32,
				32,
				32,
				125,
			},
		},
		Resources: []apitype.ResourceV3{
			{
				URN:  urn.URN("urn:pulumi:dev::pulumi-state-adapter-8803::pulumi:pulumi:Stack::pulumi-state-adapter-8803-dev"),
				Type: tokens.Type("pulumi:pulumi:Stack"),
				Created: valast.Ptr(time.Date(2025,
					12,
					3,
					17,
					1,
					33,
					316538000,
					time.UTC)),
				Modified: valast.Ptr(time.Date(2025,
					12,
					3,
					17,
					1,
					33,
					316538000,
					time.UTC)),
				SourcePosition: "project:///node_modules/@pulumi/runtime/stack.ts#37,19",
				StackTrace: []apitype.StackFrameV1{
					{
						SourcePosition: "project:///node_modules/@pulumi/runtime/stack.ts#37,19",
					},
					{SourcePosition: "project:///node_modules/@pulumi/cmd/run/run.ts#603,38"},
				},
			},
			{
				URN:     urn.URN("urn:pulumi:dev::pulumi-state-adapter-8803::pulumi:providers:archive::default_0_3_5"),
				Custom:  true,
				ID:      resource.ID("a339fe8e-e15d-4203-8719-c0ca5d3f414e"),
				Type:    tokens.Type("pulumi:providers:archive"),
				Inputs:  map[string]interface{}{"version": "0.3.5"},
				Outputs: map[string]interface{}{"version": "0.3.5"},
				Created: valast.Ptr(time.Date(2025,
					12,
					3,
					19,
					1,
					43,
					427129000,
					time.Local)),
				Modified: valast.Ptr(time.Date(2025,
					12,
					3,
					19,
					1,
					43,
					427129000,
					time.Local)),
			},
			{
				URN:    urn.URN("urn:pulumi:dev::pulumi-state-adapter-8803::aws:cloudwatch/logGroup:LogGroup::lambda_logs"),
				Custom: true,
				ID:     resource.ID("/aws/lambda/data-pipeline-data-processor"),
				Type:   tokens.Type("aws:cloudwatch/logGroup:LogGroup"),
				Inputs: map[string]interface{}{
					"__defaults":      []interface{}{},
					"logGroupClass":   "STANDARD",
					"name":            "/aws/lambda/data-pipeline-data-processor",
					"region":          "us-east-1",
					"retentionInDays": 14,
					"tags": map[string]interface{}{
						"Purpose":    "Lambda Logs",
						"__defaults": []interface{}{},
					},
					"tagsAll": map[string]interface{}{
						"Environment": "dev",
						"ManagedBy":   "Terraform",
						"Project":     "data-pipeline",
						"Purpose":     "Lambda Logs",
						"__defaults":  []interface{}{},
					},
				},
				Outputs: map[string]interface{}{
					"arn":             "arn:aws:logs:us-east-1:894850187425:log-group:/aws/lambda/data-pipeline-data-processor",
					"id":              "/aws/lambda/data-pipeline-data-processor",
					"kmsKeyId":        "",
					"logGroupClass":   "STANDARD",
					"name":            "/aws/lambda/data-pipeline-data-processor",
					"namePrefix":      "",
					"region":          "us-east-1",
					"retentionInDays": 14,
					"skipDestroy":     false,
					"tags":            map[string]interface{}{"Purpose": "Lambda Logs"},
					"tagsAll": map[string]interface{}{
						"Environment": "dev",
						"ManagedBy":   "Terraform",
						"Project":     "data-pipeline",
						"Purpose":     "Lambda Logs",
					},
				},
				Parent:   urn.URN("urn:pulumi:dev::pulumi-state-adapter-8803::pulumi:pulumi:Stack::pulumi-state-adapter-8803-dev"),
				Provider: "urn:pulumi:dev::pulumi-state-adapter-8803::pulumi:providers:archive::default_0_3_5::a339fe8e-e15d-4203-8719-c0ca5d3f414e",
				Created: valast.Ptr(time.Date(2025,
					12,
					3,
					19,
					1,
					43,
					427129000,
					time.Local)),
				Modified: valast.Ptr(time.Date(2025,
					12,
					3,
					19,
					1,
					43,
					427129000,
					time.Local)),
			},
			{
				URN:    urn.URN("urn:pulumi:dev::pulumi-state-adapter-8803::aws:dynamodb/table:Table::file_metadata"),
				Custom: true,
				ID:     resource.ID("data-pipeline-file-metadata"),
				Type:   tokens.Type("aws:dynamodb/table:Table"),
				Inputs: map[string]interface{}{
					"__defaults": []interface{}{},
					"attributes": []interface{}{
						map[string]interface{}{
							"__defaults": []interface{}{},
							"name":       "file_id",
							"type":       "S",
						},
						map[string]interface{}{
							"__defaults": []interface{}{},
							"name":       "status",
							"type":       "S",
						},
						map[string]interface{}{
							"__defaults": []interface{}{},
							"name":       "timestamp",
							"type":       "N",
						},
					},
					"billingMode": "PAY_PER_REQUEST",
					"globalSecondaryIndexes": []interface{}{map[string]interface{}{
						"__defaults":     []interface{}{},
						"hashKey":        "status",
						"name":           "status-index",
						"projectionType": "ALL",
						"rangeKey":       "timestamp",
					}},
					"hashKey": "file_id",
					"name":    "data-pipeline-file-metadata",
					"pointInTimeRecovery": map[string]interface{}{
						"__defaults":           []interface{}{},
						"enabled":              true,
						"recoveryPeriodInDays": 35,
					},
					"rangeKey":   "timestamp",
					"region":     "us-east-1",
					"tableClass": "STANDARD",
					"tags": map[string]interface{}{
						"Purpose":    "File Metadata Tracking",
						"__defaults": []interface{}{},
					},
					"tagsAll": map[string]interface{}{
						"Environment": "dev",
						"ManagedBy":   "Terraform",
						"Project":     "data-pipeline",
						"Purpose":     "File Metadata Tracking",
						"__defaults":  []interface{}{},
					},
				},
				Outputs: map[string]interface{}{
					"arn": "arn:aws:dynamodb:us-east-1:894850187425:table/data-pipeline-file-metadata",
					"attributes": []interface{}{
						map[string]interface{}{
							"name": "file_id",
							"type": "S",
						},
						map[string]interface{}{
							"name": "status",
							"type": "S",
						},
						map[string]interface{}{
							"name": "timestamp",
							"type": "N",
						},
					},
					"billingMode":               "PAY_PER_REQUEST",
					"deletionProtectionEnabled": false,
					"globalSecondaryIndexes": []interface{}{map[string]interface{}{
						"hashKey":            "status",
						"name":               "status-index",
						"nonKeyAttributes":   []interface{}{},
						"onDemandThroughput": nil,
						"projectionType":     "ALL",
						"rangeKey":           "timestamp",
						"readCapacity":       0,
						"warmThroughput":     nil,
						"writeCapacity":      0,
					}},
					"hashKey":               "file_id",
					"id":                    "data-pipeline-file-metadata",
					"importTable":           nil,
					"localSecondaryIndexes": []interface{}{},
					"name":                  "data-pipeline-file-metadata",
					"onDemandThroughput":    nil,
					"pointInTimeRecovery": map[string]interface{}{
						"enabled":              true,
						"recoveryPeriodInDays": 35,
					},
					"rangeKey":              "timestamp",
					"readCapacity":          0,
					"region":                "us-east-1",
					"replicas":              []interface{}{},
					"restoreDateTime":       nil,
					"restoreSourceName":     nil,
					"restoreSourceTableArn": nil,
					"restoreToLatestTime":   nil,
					"serverSideEncryption":  nil,
					"streamArn":             "",
					"streamEnabled":         false,
					"streamLabel":           "",
					"streamViewType":        "",
					"tableClass":            "STANDARD",
					"tags":                  map[string]interface{}{"Purpose": "File Metadata Tracking"},
					"tagsAll": map[string]interface{}{
						"Environment": "dev",
						"ManagedBy":   "Terraform",
						"Project":     "data-pipeline",
						"Purpose":     "File Metadata Tracking",
					},
					"ttl": map[string]interface{}{
						"attributeName": "",
						"enabled":       false,
					},
					"warmThroughput": nil,
					"writeCapacity":  0,
				},
				Parent:   urn.URN("urn:pulumi:dev::pulumi-state-adapter-8803::pulumi:pulumi:Stack::pulumi-state-adapter-8803-dev"),
				Provider: "urn:pulumi:dev::pulumi-state-adapter-8803::pulumi:providers:archive::default_0_3_5::a339fe8e-e15d-4203-8719-c0ca5d3f414e",
				Created: valast.Ptr(time.Date(2025,
					12,
					3,
					19,
					1,
					43,
					427129000,
					time.Local)),
				Modified: valast.Ptr(time.Date(2025,
					12,
					3,
					19,
					1,
					43,
					427129000,
					time.Local)),
			},
			{
				URN:    urn.URN("urn:pulumi:dev::pulumi-state-adapter-8803::aws:iam/role:Role::lambda_role"),
				Custom: true,
				ID:     resource.ID("data-pipeline-lambda-role"),
				Type:   tokens.Type("aws:iam/role:Role"),
				Inputs: map[string]interface{}{
					"__defaults":       []interface{}{},
					"assumeRolePolicy": `{"Statement":[{"Action":"sts:AssumeRole","Effect":"Allow","Principal":{"Service":"lambda.amazonaws.com"}}],"Version":"2012-10-17"}`,
					"inlinePolicies": []interface{}{map[string]interface{}{
						"__defaults": []interface{}{},
						"name":       "data-pipeline-lambda-s3-access",
						"policy":     `{"Version":"2012-10-17","Statement":[{"Action":["s3:GetObject","s3:PutObject","s3:DeleteObject","s3:ListBucket"],"Effect":"Allow","Resource":["arn:aws:s3:::data-pipeline-data-lake-894850187425","arn:aws:s3:::data-pipeline-data-lake-894850187425/*"]},{"Action":["sqs:ReceiveMessage","sqs:DeleteMessage","sqs:GetQueueAttributes"],"Effect":"Allow","Resource":"arn:aws:sqs:us-east-1:894850187425:data-pipeline-data-processing"},{"Action":["logs:CreateLogGroup","logs:CreateLogStream","logs:PutLogEvents"],"Effect":"Allow","Resource":"arn:aws:logs:us-east-1:894850187425:*"}]}`,
					}},
					"maxSessionDuration": 3600,
					"name":               "data-pipeline-lambda-role",
					"path":               "/",
					"tags": map[string]interface{}{
						"Purpose":    "Lambda Execution Role",
						"__defaults": []interface{}{},
					},
					"tagsAll": map[string]interface{}{
						"Environment": "dev",
						"ManagedBy":   "Terraform",
						"Project":     "data-pipeline",
						"Purpose":     "Lambda Execution Role",
						"__defaults":  []interface{}{},
					},
				},
				Outputs: map[string]interface{}{
					"arn":                 "arn:aws:iam::894850187425:role/data-pipeline-lambda-role",
					"assumeRolePolicy":    `{"Statement":[{"Action":"sts:AssumeRole","Effect":"Allow","Principal":{"Service":"lambda.amazonaws.com"}}],"Version":"2012-10-17"}`,
					"createDate":          "2025-12-03T16:01:07Z",
					"description":         "",
					"forceDetachPolicies": false,
					"id":                  "data-pipeline-lambda-role",
					"inlinePolicies": []interface{}{map[string]interface{}{
						"name":   "data-pipeline-lambda-s3-access",
						"policy": `{"Version":"2012-10-17","Statement":[{"Action":["s3:GetObject","s3:PutObject","s3:DeleteObject","s3:ListBucket"],"Effect":"Allow","Resource":["arn:aws:s3:::data-pipeline-data-lake-894850187425","arn:aws:s3:::data-pipeline-data-lake-894850187425/*"]},{"Action":["sqs:ReceiveMessage","sqs:DeleteMessage","sqs:GetQueueAttributes"],"Effect":"Allow","Resource":"arn:aws:sqs:us-east-1:894850187425:data-pipeline-data-processing"},{"Action":["logs:CreateLogGroup","logs:CreateLogStream","logs:PutLogEvents"],"Effect":"Allow","Resource":"arn:aws:logs:us-east-1:894850187425:*"}]}`,
					}},
					"managedPolicyArns":   []interface{}{},
					"maxSessionDuration":  3600,
					"name":                "data-pipeline-lambda-role",
					"namePrefix":          "",
					"path":                "/",
					"permissionsBoundary": "",
					"tags":                map[string]interface{}{"Purpose": "Lambda Execution Role"},
					"tagsAll": map[string]interface{}{
						"Environment": "dev",
						"ManagedBy":   "Terraform",
						"Project":     "data-pipeline",
						"Purpose":     "Lambda Execution Role",
					},
					"uniqueId": "AROA5AWJ2ICQ3X6RQS3YE",
				},
				Parent:   urn.URN("urn:pulumi:dev::pulumi-state-adapter-8803::pulumi:pulumi:Stack::pulumi-state-adapter-8803-dev"),
				Provider: "urn:pulumi:dev::pulumi-state-adapter-8803::pulumi:providers:archive::default_0_3_5::a339fe8e-e15d-4203-8719-c0ca5d3f414e",
				Created: valast.Ptr(time.Date(2025,
					12,
					3,
					19,
					1,
					43,
					427129000,
					time.Local)),
				Modified: valast.Ptr(time.Date(2025,
					12,
					3,
					19,
					1,
					43,
					427129000,
					time.Local)),
			},
			{
				URN:    urn.URN("urn:pulumi:dev::pulumi-state-adapter-8803::aws:iam/rolePolicy:RolePolicy::lambda_s3_access"),
				Custom: true,
				ID:     resource.ID("data-pipeline-lambda-role:data-pipeline-lambda-s3-access"),
				Type:   tokens.Type("aws:iam/rolePolicy:RolePolicy"),
				Inputs: map[string]interface{}{
					"__defaults": []interface{}{},
					"name":       "data-pipeline-lambda-s3-access",
					"policy":     `{"Version":"2012-10-17","Statement":[{"Action":["s3:GetObject","s3:PutObject","s3:DeleteObject","s3:ListBucket"],"Effect":"Allow","Resource":["arn:aws:s3:::data-pipeline-data-lake-894850187425","arn:aws:s3:::data-pipeline-data-lake-894850187425/*"]},{"Action":["sqs:ReceiveMessage","sqs:DeleteMessage","sqs:GetQueueAttributes"],"Effect":"Allow","Resource":"arn:aws:sqs:us-east-1:894850187425:data-pipeline-data-processing"},{"Action":["logs:CreateLogGroup","logs:CreateLogStream","logs:PutLogEvents"],"Effect":"Allow","Resource":"arn:aws:logs:us-east-1:894850187425:*"}]}`,
					"role":       "data-pipeline-lambda-role",
				},
				Outputs: map[string]interface{}{
					"id":         "data-pipeline-lambda-role:data-pipeline-lambda-s3-access",
					"name":       "data-pipeline-lambda-s3-access",
					"namePrefix": "",
					"policy":     `{"Version":"2012-10-17","Statement":[{"Action":["s3:GetObject","s3:PutObject","s3:DeleteObject","s3:ListBucket"],"Effect":"Allow","Resource":["arn:aws:s3:::data-pipeline-data-lake-894850187425","arn:aws:s3:::data-pipeline-data-lake-894850187425/*"]},{"Action":["sqs:ReceiveMessage","sqs:DeleteMessage","sqs:GetQueueAttributes"],"Effect":"Allow","Resource":"arn:aws:sqs:us-east-1:894850187425:data-pipeline-data-processing"},{"Action":["logs:CreateLogGroup","logs:CreateLogStream","logs:PutLogEvents"],"Effect":"Allow","Resource":"arn:aws:logs:us-east-1:894850187425:*"}]}`,
					"role":       "data-pipeline-lambda-role",
				},
				Parent:   urn.URN("urn:pulumi:dev::pulumi-state-adapter-8803::pulumi:pulumi:Stack::pulumi-state-adapter-8803-dev"),
				Provider: "urn:pulumi:dev::pulumi-state-adapter-8803::pulumi:providers:archive::default_0_3_5::a339fe8e-e15d-4203-8719-c0ca5d3f414e",
				Created: valast.Ptr(time.Date(2025,
					12,
					3,
					19,
					1,
					43,
					427129000,
					time.Local)),
				Modified: valast.Ptr(time.Date(2025,
					12,
					3,
					19,
					1,
					43,
					427129000,
					time.Local)),
			},
			{
				URN:    urn.URN("urn:pulumi:dev::pulumi-state-adapter-8803::aws:lambda/eventSourceMapping:EventSourceMapping::sqs_trigger"),
				Custom: true,
				ID:     resource.ID("2d7e0b59-c5b5-4654-a2ae-d391fd522e98"),
				Type:   tokens.Type("aws:lambda/eventSourceMapping:EventSourceMapping"),
				Inputs: map[string]interface{}{
					"__defaults":     []interface{}{},
					"batchSize":      10,
					"enabled":        true,
					"eventSourceArn": "arn:aws:sqs:us-east-1:894850187425:data-pipeline-data-processing",
					"functionName":   "arn:aws:lambda:us-east-1:894850187425:function:data-pipeline-data-processor",
					"region":         "us-east-1",
					"tagsAll": map[string]interface{}{
						"Environment": "dev",
						"ManagedBy":   "Terraform",
						"Project":     "data-pipeline",
						"__defaults":  []interface{}{},
					},
				},
				Outputs: map[string]interface{}{
					"amazonManagedKafkaEventSourceConfig": nil,
					"arn":                                 "arn:aws:lambda:us-east-1:894850187425:event-source-mapping:2d7e0b59-c5b5-4654-a2ae-d391fd522e98",
					"batchSize":                           10,
					"bisectBatchOnFunctionError":          false,
					"destinationConfig":                   nil,
					"documentDbEventSourceConfig":         nil,
					"enabled":                             true,
					"eventSourceArn":                      "arn:aws:sqs:us-east-1:894850187425:data-pipeline-data-processing",
					"filterCriteria":                      nil,
					"functionArn":                         "arn:aws:lambda:us-east-1:894850187425:function:data-pipeline-data-processor",
					"functionName":                        "arn:aws:lambda:us-east-1:894850187425:function:data-pipeline-data-processor",
					"functionResponseTypes":               []interface{}{},
					"id":                                  "2d7e0b59-c5b5-4654-a2ae-d391fd522e98",
					"kmsKeyArn":                           "",
					"lastModified":                        "2025-12-03T16:02:16Z",
					"lastProcessingResult":                "",
					"maximumBatchingWindowInSeconds":      0,
					"maximumRecordAgeInSeconds":           0,
					"maximumRetryAttempts":                0,
					"metricsConfig":                       nil,
					"parallelizationFactor":               0,
					"provisionedPollerConfig":             nil,
					"queues":                              nil,
					"region":                              "us-east-1",
					"scalingConfig":                       nil,
					"selfManagedEventSource":              nil,
					"selfManagedKafkaEventSourceConfig":   nil,
					"sourceAccessConfigurations":          []interface{}{},
					"startingPosition":                    "",
					"startingPositionTimestamp":           "",
					"state":                               "Enabled",
					"stateTransitionReason":               "USER_INITIATED",
					"tags":                                map[string]interface{}{},
					"tagsAll": map[string]interface{}{
						"Environment": "dev",
						"ManagedBy":   "Terraform",
						"Project":     "data-pipeline",
					},
					"topics":                  []interface{}{},
					"tumblingWindowInSeconds": 0,
					"uuid":                    "2d7e0b59-c5b5-4654-a2ae-d391fd522e98",
				},
				Parent:   urn.URN("urn:pulumi:dev::pulumi-state-adapter-8803::pulumi:pulumi:Stack::pulumi-state-adapter-8803-dev"),
				Provider: "urn:pulumi:dev::pulumi-state-adapter-8803::pulumi:providers:archive::default_0_3_5::a339fe8e-e15d-4203-8719-c0ca5d3f414e",
				Created: valast.Ptr(time.Date(2025,
					12,
					3,
					19,
					1,
					43,
					427129000,
					time.Local)),
				Modified: valast.Ptr(time.Date(2025,
					12,
					3,
					19,
					1,
					43,
					427129000,
					time.Local)),
			},
			{
				URN:    urn.URN("urn:pulumi:dev::pulumi-state-adapter-8803::aws:lambda/function:Function::data_processor"),
				Custom: true,
				ID:     resource.ID("data-pipeline-data-processor"),
				Type:   tokens.Type("aws:lambda/function:Function"),
				Inputs: map[string]interface{}{
					"__defaults":    []interface{}{},
					"architectures": []interface{}{"x86_64"},
					"code":          "./lambda_function.zip",
					"environment": map[string]interface{}{
						"__defaults": []interface{}{},
						"variables": map[string]interface{}{
							"DATA_LAKE_BUCKET": "data-pipeline-data-lake-894850187425",
							"ENVIRONMENT":      "dev",
							"__defaults":       []interface{}{},
						},
					},
					"ephemeralStorage": map[string]interface{}{
						"__defaults": []interface{}{},
						"size":       512,
					},
					"handler": "lambda_function.handler",
					"loggingConfig": map[string]interface{}{
						"__defaults": []interface{}{},
						"logFormat":  "Text",
						"logGroup":   "/aws/lambda/data-pipeline-data-processor",
					},
					"memorySize":                   256,
					"name":                         "data-pipeline-data-processor",
					"packageType":                  "Zip",
					"region":                       "us-east-1",
					"reservedConcurrentExecutions": -1,
					"role":                         "arn:aws:iam::894850187425:role/data-pipeline-lambda-role",
					"runtime":                      "python3.11",
					"sourceCodeHash":               "Uk59ixjEaDAJDlKLgE/2RRsCDSterPmhbfoI1psRc90=",
					"tags": map[string]interface{}{
						"Purpose":    "Data Processing",
						"__defaults": []interface{}{},
					},
					"tagsAll": map[string]interface{}{
						"Environment": "dev",
						"ManagedBy":   "Terraform",
						"Project":     "data-pipeline",
						"Purpose":     "Data Processing",
						"__defaults":  []interface{}{},
					},
					"timeout": 60,
					"tracingConfig": map[string]interface{}{
						"__defaults": []interface{}{},
						"mode":       "PassThrough",
					},
				},
				Outputs: map[string]interface{}{
					"architectures":        []interface{}{"x86_64"},
					"arn":                  "arn:aws:lambda:us-east-1:894850187425:function:data-pipeline-data-processor",
					"code":                 "./lambda_function.zip",
					"codeSha256":           "Uk59ixjEaDAJDlKLgE/2RRsCDSterPmhbfoI1psRc90=",
					"codeSigningConfigArn": "",
					"deadLetterConfig":     nil,
					"description":          "",
					"environment": map[string]interface{}{"variables": map[string]interface{}{
						"DATA_LAKE_BUCKET": "data-pipeline-data-lake-894850187425",
						"ENVIRONMENT":      "dev",
					}},
					"ephemeralStorage": map[string]interface{}{"size": 512},
					"fileSystemConfig": nil,
					"handler":          "lambda_function.handler",
					"id":               "data-pipeline-data-processor",
					"imageConfig":      nil,
					"imageUri":         "",
					"invokeArn":        "arn:aws:apigateway:us-east-1:lambda:path/2015-03-31/functions/arn:aws:lambda:us-east-1:894850187425:function:data-pipeline-data-processor/invocations",
					"kmsKeyArn":        "",
					"lastModified":     "2025-12-03T16:01:19.572+0000",
					"layers":           []interface{}{},
					"loggingConfig": map[string]interface{}{
						"applicationLogLevel": "",
						"logFormat":           "Text",
						"logGroup":            "/aws/lambda/data-pipeline-data-processor",
						"systemLogLevel":      "",
					},
					"memorySize":                     256,
					"name":                           "data-pipeline-data-processor",
					"packageType":                    "Zip",
					"publish":                        false,
					"qualifiedArn":                   "arn:aws:lambda:us-east-1:894850187425:function:data-pipeline-data-processor:$LATEST",
					"qualifiedInvokeArn":             "arn:aws:apigateway:us-east-1:lambda:path/2015-03-31/functions/arn:aws:lambda:us-east-1:894850187425:function:data-pipeline-data-processor:$LATEST/invocations",
					"region":                         "us-east-1",
					"replaceSecurityGroupsOnDestroy": nil,
					"replacementSecurityGroupIds":    nil,
					"reservedConcurrentExecutions":   -1,
					"role":                           "arn:aws:iam::894850187425:role/data-pipeline-lambda-role",
					"runtime":                        "python3.11",
					"s3Bucket":                       nil,
					"s3Key":                          nil,
					"s3ObjectVersion":                nil,
					"signingJobArn":                  "",
					"signingProfileVersionArn":       "",
					"skipDestroy":                    false,
					"snapStart":                      nil,
					"sourceCodeHash":                 "Uk59ixjEaDAJDlKLgE/2RRsCDSterPmhbfoI1psRc90=",
					"sourceCodeSize":                 459,
					"sourceKmsKeyArn":                "",
					"tags":                           map[string]interface{}{"Purpose": "Data Processing"},
					"tagsAll": map[string]interface{}{
						"Environment": "dev",
						"ManagedBy":   "Terraform",
						"Project":     "data-pipeline",
						"Purpose":     "Data Processing",
					},
					"timeout":       60,
					"tracingConfig": map[string]interface{}{"mode": "PassThrough"},
					"version":       "$LATEST",
					"vpcConfig":     nil,
				},
				Parent:   urn.URN("urn:pulumi:dev::pulumi-state-adapter-8803::pulumi:pulumi:Stack::pulumi-state-adapter-8803-dev"),
				Provider: "urn:pulumi:dev::pulumi-state-adapter-8803::pulumi:providers:archive::default_0_3_5::a339fe8e-e15d-4203-8719-c0ca5d3f414e",
				Created: valast.Ptr(time.Date(2025,
					12,
					3,
					19,
					1,
					43,
					427129000,
					time.Local)),
				Modified: valast.Ptr(time.Date(2025,
					12,
					3,
					19,
					1,
					43,
					427129000,
					time.Local)),
			},
			{
				URN:    urn.URN("urn:pulumi:dev::pulumi-state-adapter-8803::aws:s3/bucket:Bucket::lambda_artifacts"),
				Custom: true,
				ID:     resource.ID("data-pipeline-lambda-artifacts-894850187425"),
				Type:   tokens.Type("aws:s3/bucket:Bucket"),
				Inputs: map[string]interface{}{
					"__defaults": []interface{}{},
					"bucket":     "data-pipeline-lambda-artifacts-894850187425",
					"grants": []interface{}{map[string]interface{}{
						"__defaults":  []interface{}{},
						"id":          "69c80caa37c265d93308334e41ddd9ee253ab9f1460124a3c64fa7e21f3ef5b3",
						"permissions": []interface{}{"FULL_CONTROL"},
						"type":        "CanonicalUser",
					}},
					"region":       "us-east-1",
					"requestPayer": "BucketOwner",
					"serverSideEncryptionConfiguration": map[string]interface{}{
						"__defaults": []interface{}{},
						"rule": map[string]interface{}{
							"__defaults": []interface{}{},
							"applyServerSideEncryptionByDefault": map[string]interface{}{
								"__defaults":   []interface{}{},
								"sseAlgorithm": "AES256",
							},
						},
					},
					"tags": map[string]interface{}{
						"Purpose":    "Lambda Deployment Artifacts",
						"__defaults": []interface{}{},
					},
					"tagsAll": map[string]interface{}{
						"Environment": "dev",
						"ManagedBy":   "Terraform",
						"Project":     "data-pipeline",
						"Purpose":     "Lambda Deployment Artifacts",
						"__defaults":  []interface{}{},
					},
					"versioning": map[string]interface{}{
						"__defaults": []interface{}{},
						"enabled":    true,
					},
				},
				Outputs: map[string]interface{}{
					"accelerationStatus":       "",
					"acl":                      nil,
					"arn":                      "arn:aws:s3:::data-pipeline-lambda-artifacts-894850187425",
					"bucket":                   "data-pipeline-lambda-artifacts-894850187425",
					"bucketDomainName":         "data-pipeline-lambda-artifacts-894850187425.s3.amazonaws.com",
					"bucketPrefix":             "",
					"bucketRegion":             "us-east-1",
					"bucketRegionalDomainName": "data-pipeline-lambda-artifacts-894850187425.s3.us-east-1.amazonaws.com",
					"corsRules":                []interface{}{},
					"forceDestroy":             false,
					"grants": []interface{}{map[string]interface{}{
						"id":          "69c80caa37c265d93308334e41ddd9ee253ab9f1460124a3c64fa7e21f3ef5b3",
						"permissions": []interface{}{"FULL_CONTROL"},
						"type":        "CanonicalUser",
						"uri":         "",
					}},
					"hostedZoneId":             "Z3AQBSTGFYJSTF",
					"id":                       "data-pipeline-lambda-artifacts-894850187425",
					"lifecycleRules":           []interface{}{},
					"logging":                  nil,
					"objectLockConfiguration":  nil,
					"objectLockEnabled":        false,
					"policy":                   "",
					"region":                   "us-east-1",
					"replicationConfiguration": nil,
					"requestPayer":             "BucketOwner",
					"serverSideEncryptionConfiguration": map[string]interface{}{"rule": map[string]interface{}{
						"applyServerSideEncryptionByDefault": map[string]interface{}{
							"kmsMasterKeyId": "",
							"sseAlgorithm":   "AES256",
						},
						"bucketKeyEnabled": false,
					}},
					"tags": map[string]interface{}{"Purpose": "Lambda Deployment Artifacts"},
					"tagsAll": map[string]interface{}{
						"Environment": "dev",
						"ManagedBy":   "Terraform",
						"Project":     "data-pipeline",
						"Purpose":     "Lambda Deployment Artifacts",
					},
					"versioning": map[string]interface{}{
						"enabled":   true,
						"mfaDelete": false,
					},
					"website":         nil,
					"websiteDomain":   nil,
					"websiteEndpoint": nil,
				},
				Parent:   urn.URN("urn:pulumi:dev::pulumi-state-adapter-8803::pulumi:pulumi:Stack::pulumi-state-adapter-8803-dev"),
				Provider: "urn:pulumi:dev::pulumi-state-adapter-8803::pulumi:providers:archive::default_0_3_5::a339fe8e-e15d-4203-8719-c0ca5d3f414e",
				Created: valast.Ptr(time.Date(2025,
					12,
					3,
					19,
					1,
					43,
					427129000,
					time.Local)),
				Modified: valast.Ptr(time.Date(2025,
					12,
					3,
					19,
					1,
					43,
					427129000,
					time.Local)),
			},
			{
				URN:    urn.URN("urn:pulumi:dev::pulumi-state-adapter-8803::aws:s3/bucketPublicAccessBlock:BucketPublicAccessBlock::lambda_artifacts"),
				Custom: true,
				ID:     resource.ID("data-pipeline-lambda-artifacts-894850187425"),
				Type:   tokens.Type("aws:s3/bucketPublicAccessBlock:BucketPublicAccessBlock"),
				Inputs: map[string]interface{}{
					"__defaults":            []interface{}{},
					"blockPublicAcls":       true,
					"blockPublicPolicy":     true,
					"bucket":                "data-pipeline-lambda-artifacts-894850187425",
					"ignorePublicAcls":      true,
					"region":                "us-east-1",
					"restrictPublicBuckets": true,
				},
				Outputs: map[string]interface{}{
					"blockPublicAcls":       true,
					"blockPublicPolicy":     true,
					"bucket":                "data-pipeline-lambda-artifacts-894850187425",
					"id":                    "data-pipeline-lambda-artifacts-894850187425",
					"ignorePublicAcls":      true,
					"region":                "us-east-1",
					"restrictPublicBuckets": true,
					"skipDestroy":           nil,
				},
				Parent:   urn.URN("urn:pulumi:dev::pulumi-state-adapter-8803::pulumi:pulumi:Stack::pulumi-state-adapter-8803-dev"),
				Provider: "urn:pulumi:dev::pulumi-state-adapter-8803::pulumi:providers:archive::default_0_3_5::a339fe8e-e15d-4203-8719-c0ca5d3f414e",
				Created: valast.Ptr(time.Date(2025,
					12,
					3,
					19,
					1,
					43,
					427129000,
					time.Local)),
				Modified: valast.Ptr(time.Date(2025,
					12,
					3,
					19,
					1,
					43,
					427129000,
					time.Local)),
			},
			{
				URN:    urn.URN("urn:pulumi:dev::pulumi-state-adapter-8803::aws:s3/bucketServerSideEncryptionConfiguration:BucketServerSideEncryptionConfiguration::lambda_artifacts"),
				Custom: true,
				ID:     resource.ID("data-pipeline-lambda-artifacts-894850187425"),
				Type:   tokens.Type("aws:s3/bucketServerSideEncryptionConfiguration:BucketServerSideEncryptionConfiguration"),
				Inputs: map[string]interface{}{
					"__defaults": []interface{}{},
					"bucket":     "data-pipeline-lambda-artifacts-894850187425",
					"region":     "us-east-1",
					"rules": []interface{}{map[string]interface{}{
						"__defaults": []interface{}{},
						"applyServerSideEncryptionByDefault": map[string]interface{}{
							"__defaults":   []interface{}{},
							"sseAlgorithm": "AES256",
						},
					}},
				},
				Outputs: map[string]interface{}{
					"bucket":              "data-pipeline-lambda-artifacts-894850187425",
					"expectedBucketOwner": "",
					"id":                  "data-pipeline-lambda-artifacts-894850187425",
					"region":              "us-east-1",
					"rules": []interface{}{map[string]interface{}{
						"applyServerSideEncryptionByDefault": map[string]interface{}{
							"kmsMasterKeyId": "",
							"sseAlgorithm":   "AES256",
						},
						"bucketKeyEnabled": false,
					}},
				},
				Parent:   urn.URN("urn:pulumi:dev::pulumi-state-adapter-8803::pulumi:pulumi:Stack::pulumi-state-adapter-8803-dev"),
				Provider: "urn:pulumi:dev::pulumi-state-adapter-8803::pulumi:providers:archive::default_0_3_5::a339fe8e-e15d-4203-8719-c0ca5d3f414e",
				Created: valast.Ptr(time.Date(2025,
					12,
					3,
					19,
					1,
					43,
					427129000,
					time.Local)),
				Modified: valast.Ptr(time.Date(2025,
					12,
					3,
					19,
					1,
					43,
					427129000,
					time.Local)),
			},
			{
				URN:    urn.URN("urn:pulumi:dev::pulumi-state-adapter-8803::aws:s3/bucketVersioning:BucketVersioning::lambda_artifacts"),
				Custom: true,
				ID:     resource.ID("data-pipeline-lambda-artifacts-894850187425"),
				Type:   tokens.Type("aws:s3/bucketVersioning:BucketVersioning"),
				Inputs: map[string]interface{}{
					"__defaults": []interface{}{},
					"bucket":     "data-pipeline-lambda-artifacts-894850187425",
					"region":     "us-east-1",
					"versioningConfiguration": map[string]interface{}{
						"__defaults": []interface{}{},
						"status":     "Enabled",
					},
				},
				Outputs: map[string]interface{}{
					"bucket":              "data-pipeline-lambda-artifacts-894850187425",
					"expectedBucketOwner": "",
					"id":                  "data-pipeline-lambda-artifacts-894850187425",
					"mfa":                 nil,
					"region":              "us-east-1",
					"versioningConfiguration": map[string]interface{}{
						"mfaDelete": "",
						"status":    "Enabled",
					},
				},
				Parent:   urn.URN("urn:pulumi:dev::pulumi-state-adapter-8803::pulumi:pulumi:Stack::pulumi-state-adapter-8803-dev"),
				Provider: "urn:pulumi:dev::pulumi-state-adapter-8803::pulumi:providers:archive::default_0_3_5::a339fe8e-e15d-4203-8719-c0ca5d3f414e",
				Created: valast.Ptr(time.Date(2025,
					12,
					3,
					19,
					1,
					43,
					427129000,
					time.Local)),
				Modified: valast.Ptr(time.Date(2025,
					12,
					3,
					19,
					1,
					43,
					427129000,
					time.Local)),
			},
			{
				URN:    urn.URN("urn:pulumi:dev::pulumi-state-adapter-8803::aws:sns/topic:Topic::s3_notifications"),
				Custom: true,
				ID:     resource.ID("arn:aws:sns:us-east-1:894850187425:data-pipeline-s3-notifications"),
				Type:   tokens.Type("aws:sns/topic:Topic"),
				Inputs: map[string]interface{}{
					"__defaults": []interface{}{},
					"name":       "data-pipeline-s3-notifications",
					"policy":     `{"Statement":[{"Action":"sns:Publish","Condition":{"ArnLike":{"aws:SourceArn":"arn:aws:s3:::data-pipeline-data-lake-894850187425"}},"Effect":"Allow","Principal":{"Service":"s3.amazonaws.com"},"Resource":"arn:aws:sns:us-east-1:894850187425:data-pipeline-s3-notifications","Sid":"AllowS3Publish"}],"Version":"2012-10-17"}`,
					"region":     "us-east-1",
					"tags": map[string]interface{}{
						"Purpose":    "S3 Event Notifications",
						"__defaults": []interface{}{},
					},
					"tagsAll": map[string]interface{}{
						"Environment": "dev",
						"ManagedBy":   "Terraform",
						"Project":     "data-pipeline",
						"Purpose":     "S3 Event Notifications",
						"__defaults":  []interface{}{},
					},
				},
				Outputs: map[string]interface{}{
					"applicationFailureFeedbackRoleArn":    "",
					"applicationSuccessFeedbackRoleArn":    "",
					"applicationSuccessFeedbackSampleRate": 0,
					"archivePolicy":                        "",
					"arn":                                  "arn:aws:sns:us-east-1:894850187425:data-pipeline-s3-notifications",
					"beginningArchiveTime":                 "",
					"contentBasedDeduplication":            false,
					"deliveryPolicy":                       "",
					"displayName":                          "",
					"fifoThroughputScope":                  "",
					"fifoTopic":                            false,
					"firehoseFailureFeedbackRoleArn":       "",
					"firehoseSuccessFeedbackRoleArn":       "",
					"firehoseSuccessFeedbackSampleRate":    0,
					"httpFailureFeedbackRoleArn":           "",
					"httpSuccessFeedbackRoleArn":           "",
					"httpSuccessFeedbackSampleRate":        0,
					"id":                                   "arn:aws:sns:us-east-1:894850187425:data-pipeline-s3-notifications",
					"kmsMasterKeyId":                       "",
					"lambdaFailureFeedbackRoleArn":         "",
					"lambdaSuccessFeedbackRoleArn":         "",
					"lambdaSuccessFeedbackSampleRate":      0,
					"name":                                 "data-pipeline-s3-notifications",
					"namePrefix":                           "",
					"owner":                                "894850187425",
					"policy":                               `{"Statement":[{"Action":"sns:Publish","Condition":{"ArnLike":{"aws:SourceArn":"arn:aws:s3:::data-pipeline-data-lake-894850187425"}},"Effect":"Allow","Principal":{"Service":"s3.amazonaws.com"},"Resource":"arn:aws:sns:us-east-1:894850187425:data-pipeline-s3-notifications","Sid":"AllowS3Publish"}],"Version":"2012-10-17"}`,
					"region":                               "us-east-1",
					"signatureVersion":                     0,
					"sqsFailureFeedbackRoleArn":            "",
					"sqsSuccessFeedbackRoleArn":            "",
					"sqsSuccessFeedbackSampleRate":         0,
					"tags":                                 map[string]interface{}{"Purpose": "S3 Event Notifications"},
					"tagsAll": map[string]interface{}{
						"Environment": "dev",
						"ManagedBy":   "Terraform",
						"Project":     "data-pipeline",
						"Purpose":     "S3 Event Notifications",
					},
					"tracingConfig": "",
				},
				Parent:   urn.URN("urn:pulumi:dev::pulumi-state-adapter-8803::pulumi:pulumi:Stack::pulumi-state-adapter-8803-dev"),
				Provider: "urn:pulumi:dev::pulumi-state-adapter-8803::pulumi:providers:archive::default_0_3_5::a339fe8e-e15d-4203-8719-c0ca5d3f414e",
				Created: valast.Ptr(time.Date(2025,
					12,
					3,
					19,
					1,
					43,
					427129000,
					time.Local)),
				Modified: valast.Ptr(time.Date(2025,
					12,
					3,
					19,
					1,
					43,
					427129000,
					time.Local)),
			},
			{
				URN:    urn.URN("urn:pulumi:dev::pulumi-state-adapter-8803::aws:sns/topicPolicy:TopicPolicy::s3_notifications"),
				Custom: true,
				ID:     resource.ID("arn:aws:sns:us-east-1:894850187425:data-pipeline-s3-notifications"),
				Type:   tokens.Type("aws:sns/topicPolicy:TopicPolicy"),
				Inputs: map[string]interface{}{
					"__defaults": []interface{}{},
					"arn":        "arn:aws:sns:us-east-1:894850187425:data-pipeline-s3-notifications",
					"policy":     `{"Statement":[{"Action":"sns:Publish","Condition":{"ArnLike":{"aws:SourceArn":"arn:aws:s3:::data-pipeline-data-lake-894850187425"}},"Effect":"Allow","Principal":{"Service":"s3.amazonaws.com"},"Resource":"arn:aws:sns:us-east-1:894850187425:data-pipeline-s3-notifications","Sid":"AllowS3Publish"}],"Version":"2012-10-17"}`,
					"region":     "us-east-1",
				},
				Outputs: map[string]interface{}{
					"arn":    "arn:aws:sns:us-east-1:894850187425:data-pipeline-s3-notifications",
					"id":     "arn:aws:sns:us-east-1:894850187425:data-pipeline-s3-notifications",
					"owner":  "894850187425",
					"policy": `{"Statement":[{"Action":"sns:Publish","Condition":{"ArnLike":{"aws:SourceArn":"arn:aws:s3:::data-pipeline-data-lake-894850187425"}},"Effect":"Allow","Principal":{"Service":"s3.amazonaws.com"},"Resource":"arn:aws:sns:us-east-1:894850187425:data-pipeline-s3-notifications","Sid":"AllowS3Publish"}],"Version":"2012-10-17"}`,
					"region": "us-east-1",
				},
				Parent:   urn.URN("urn:pulumi:dev::pulumi-state-adapter-8803::pulumi:pulumi:Stack::pulumi-state-adapter-8803-dev"),
				Provider: "urn:pulumi:dev::pulumi-state-adapter-8803::pulumi:providers:archive::default_0_3_5::a339fe8e-e15d-4203-8719-c0ca5d3f414e",
				Created: valast.Ptr(time.Date(2025,
					12,
					3,
					19,
					1,
					43,
					427129000,
					time.Local)),
				Modified: valast.Ptr(time.Date(2025,
					12,
					3,
					19,
					1,
					43,
					427129000,
					time.Local)),
			},
			{
				URN:    urn.URN("urn:pulumi:dev::pulumi-state-adapter-8803::aws:sns/topicSubscription:TopicSubscription::sqs_subscription"),
				Custom: true,
				ID:     resource.ID("arn:aws:sns:us-east-1:894850187425:data-pipeline-s3-notifications:d7f108c5-401d-4722-bb9d-eb2669c8d76f"),
				Type:   tokens.Type("aws:sns/topicSubscription:TopicSubscription"),
				Inputs: map[string]interface{}{
					"__defaults":                   []interface{}{},
					"confirmationTimeoutInMinutes": 1,
					"endpoint":                     "arn:aws:sqs:us-east-1:894850187425:data-pipeline-data-processing",
					"protocol":                     "sqs",
					"region":                       "us-east-1",
					"topic":                        "arn:aws:sns:us-east-1:894850187425:data-pipeline-s3-notifications",
				},
				Outputs: map[string]interface{}{
					"arn":                          "arn:aws:sns:us-east-1:894850187425:data-pipeline-s3-notifications:d7f108c5-401d-4722-bb9d-eb2669c8d76f",
					"confirmationTimeoutInMinutes": 1,
					"confirmationWasAuthenticated": true,
					"deliveryPolicy":               "",
					"endpoint":                     "arn:aws:sqs:us-east-1:894850187425:data-pipeline-data-processing",
					"endpointAutoConfirms":         false,
					"filterPolicy":                 "",
					"filterPolicyScope":            "",
					"id":                           "arn:aws:sns:us-east-1:894850187425:data-pipeline-s3-notifications:d7f108c5-401d-4722-bb9d-eb2669c8d76f",
					"ownerId":                      "894850187425",
					"pendingConfirmation":          false,
					"protocol":                     "sqs",
					"rawMessageDelivery":           false,
					"redrivePolicy":                "",
					"region":                       "us-east-1",
					"replayPolicy":                 "",
					"subscriptionRoleArn":          "",
					"topic":                        "arn:aws:sns:us-east-1:894850187425:data-pipeline-s3-notifications",
				},
				Parent:   urn.URN("urn:pulumi:dev::pulumi-state-adapter-8803::pulumi:pulumi:Stack::pulumi-state-adapter-8803-dev"),
				Provider: "urn:pulumi:dev::pulumi-state-adapter-8803::pulumi:providers:archive::default_0_3_5::a339fe8e-e15d-4203-8719-c0ca5d3f414e",
				Created: valast.Ptr(time.Date(2025,
					12,
					3,
					19,
					1,
					43,
					427129000,
					time.Local)),
				Modified: valast.Ptr(time.Date(2025,
					12,
					3,
					19,
					1,
					43,
					427129000,
					time.Local)),
			},
			{
				URN:    urn.URN("urn:pulumi:dev::pulumi-state-adapter-8803::aws:sqs/queue:Queue::data_processing"),
				Custom: true,
				ID:     resource.ID("https://sqs.us-east-1.amazonaws.com/894850187425/data-pipeline-data-processing"),
				Type:   tokens.Type("aws:sqs/queue:Queue"),
				Inputs: map[string]interface{}{
					"__defaults":                   []interface{}{},
					"kmsDataKeyReusePeriodSeconds": 300,
					"maxMessageSize":               262144,
					"messageRetentionSeconds":      86400,
					"name":                         "data-pipeline-data-processing",
					"policy":                       `{"Statement":[{"Action":"sqs:SendMessage","Condition":{"ArnEquals":{"aws:SourceArn":"arn:aws:sns:us-east-1:894850187425:data-pipeline-s3-notifications"}},"Effect":"Allow","Principal":{"Service":"sns.amazonaws.com"},"Resource":"arn:aws:sqs:us-east-1:894850187425:data-pipeline-data-processing","Sid":"AllowSNSMessages"}],"Version":"2012-10-17"}`,
					"receiveWaitTimeSeconds":       10,
					"redrivePolicy":                `{"deadLetterTargetArn":"arn:aws:sqs:us-east-1:894850187425:data-pipeline-data-processing-dlq","maxReceiveCount":3}`,
					"region":                       "us-east-1",
					"sqsManagedSseEnabled":         true,
					"tags": map[string]interface{}{
						"Purpose":    "Data Processing Queue",
						"__defaults": []interface{}{},
					},
					"tagsAll": map[string]interface{}{
						"Environment": "dev",
						"ManagedBy":   "Terraform",
						"Project":     "data-pipeline",
						"Purpose":     "Data Processing Queue",
						"__defaults":  []interface{}{},
					},
					"visibilityTimeoutSeconds": 300,
				},
				Outputs: map[string]interface{}{
					"arn":                          "arn:aws:sqs:us-east-1:894850187425:data-pipeline-data-processing",
					"contentBasedDeduplication":    false,
					"deduplicationScope":           "",
					"delaySeconds":                 0,
					"fifoQueue":                    false,
					"fifoThroughputLimit":          "",
					"id":                           "https://sqs.us-east-1.amazonaws.com/894850187425/data-pipeline-data-processing",
					"kmsDataKeyReusePeriodSeconds": 300,
					"kmsMasterKeyId":               "",
					"maxMessageSize":               262144,
					"messageRetentionSeconds":      86400,
					"name":                         "data-pipeline-data-processing",
					"namePrefix":                   "",
					"policy":                       `{"Statement":[{"Action":"sqs:SendMessage","Condition":{"ArnEquals":{"aws:SourceArn":"arn:aws:sns:us-east-1:894850187425:data-pipeline-s3-notifications"}},"Effect":"Allow","Principal":{"Service":"sns.amazonaws.com"},"Resource":"arn:aws:sqs:us-east-1:894850187425:data-pipeline-data-processing","Sid":"AllowSNSMessages"}],"Version":"2012-10-17"}`,
					"receiveWaitTimeSeconds":       10,
					"redriveAllowPolicy":           "",
					"redrivePolicy":                `{"deadLetterTargetArn":"arn:aws:sqs:us-east-1:894850187425:data-pipeline-data-processing-dlq","maxReceiveCount":3}`,
					"region":                       "us-east-1",
					"sqsManagedSseEnabled":         true,
					"tags":                         map[string]interface{}{"Purpose": "Data Processing Queue"},
					"tagsAll": map[string]interface{}{
						"Environment": "dev",
						"ManagedBy":   "Terraform",
						"Project":     "data-pipeline",
						"Purpose":     "Data Processing Queue",
					},
					"url":                      "https://sqs.us-east-1.amazonaws.com/894850187425/data-pipeline-data-processing",
					"visibilityTimeoutSeconds": 300,
				},
				Parent:   urn.URN("urn:pulumi:dev::pulumi-state-adapter-8803::pulumi:pulumi:Stack::pulumi-state-adapter-8803-dev"),
				Provider: "urn:pulumi:dev::pulumi-state-adapter-8803::pulumi:providers:archive::default_0_3_5::a339fe8e-e15d-4203-8719-c0ca5d3f414e",
				Created: valast.Ptr(time.Date(2025,
					12,
					3,
					19,
					1,
					43,
					427129000,
					time.Local)),
				Modified: valast.Ptr(time.Date(2025,
					12,
					3,
					19,
					1,
					43,
					427129000,
					time.Local)),
			},
			{
				URN:    urn.URN("urn:pulumi:dev::pulumi-state-adapter-8803::aws:sqs/queue:Queue::data_processing_dlq"),
				Custom: true,
				ID:     resource.ID("https://sqs.us-east-1.amazonaws.com/894850187425/data-pipeline-data-processing-dlq"),
				Type:   tokens.Type("aws:sqs/queue:Queue"),
				Inputs: map[string]interface{}{
					"__defaults":                   []interface{}{},
					"kmsDataKeyReusePeriodSeconds": 300,
					"maxMessageSize":               262144,
					"messageRetentionSeconds":      1.2096e+06,
					"name":                         "data-pipeline-data-processing-dlq",
					"region":                       "us-east-1",
					"sqsManagedSseEnabled":         true,
					"tags": map[string]interface{}{
						"Purpose":    "Dead Letter Queue",
						"__defaults": []interface{}{},
					},
					"tagsAll": map[string]interface{}{
						"Environment": "dev",
						"ManagedBy":   "Terraform",
						"Project":     "data-pipeline",
						"Purpose":     "Dead Letter Queue",
						"__defaults":  []interface{}{},
					},
					"visibilityTimeoutSeconds": 30,
				},
				Outputs: map[string]interface{}{
					"arn":                          "arn:aws:sqs:us-east-1:894850187425:data-pipeline-data-processing-dlq",
					"contentBasedDeduplication":    false,
					"deduplicationScope":           "",
					"delaySeconds":                 0,
					"fifoQueue":                    false,
					"fifoThroughputLimit":          "",
					"id":                           "https://sqs.us-east-1.amazonaws.com/894850187425/data-pipeline-data-processing-dlq",
					"kmsDataKeyReusePeriodSeconds": 300,
					"kmsMasterKeyId":               "",
					"maxMessageSize":               262144,
					"messageRetentionSeconds":      1.2096e+06,
					"name":                         "data-pipeline-data-processing-dlq",
					"namePrefix":                   "",
					"policy":                       "",
					"receiveWaitTimeSeconds":       0,
					"redriveAllowPolicy":           "",
					"redrivePolicy":                "",
					"region":                       "us-east-1",
					"sqsManagedSseEnabled":         true,
					"tags":                         map[string]interface{}{"Purpose": "Dead Letter Queue"},
					"tagsAll": map[string]interface{}{
						"Environment": "dev",
						"ManagedBy":   "Terraform",
						"Project":     "data-pipeline",
						"Purpose":     "Dead Letter Queue",
					},
					"url":                      "https://sqs.us-east-1.amazonaws.com/894850187425/data-pipeline-data-processing-dlq",
					"visibilityTimeoutSeconds": 30,
				},
				Parent:   urn.URN("urn:pulumi:dev::pulumi-state-adapter-8803::pulumi:pulumi:Stack::pulumi-state-adapter-8803-dev"),
				Provider: "urn:pulumi:dev::pulumi-state-adapter-8803::pulumi:providers:archive::default_0_3_5::a339fe8e-e15d-4203-8719-c0ca5d3f414e",
				Created: valast.Ptr(time.Date(2025,
					12,
					3,
					19,
					1,
					43,
					427129000,
					time.Local)),
				Modified: valast.Ptr(time.Date(2025,
					12,
					3,
					19,
					1,
					43,
					427129000,
					time.Local)),
			},
			{
				URN:    urn.URN("urn:pulumi:dev::pulumi-state-adapter-8803::aws:sqs/queuePolicy:QueuePolicy::data_processing"),
				Custom: true,
				ID:     resource.ID("https://sqs.us-east-1.amazonaws.com/894850187425/data-pipeline-data-processing"),
				Type:   tokens.Type("aws:sqs/queuePolicy:QueuePolicy"),
				Inputs: map[string]interface{}{
					"__defaults": []interface{}{},
					"policy":     `{"Statement":[{"Action":"sqs:SendMessage","Condition":{"ArnEquals":{"aws:SourceArn":"arn:aws:sns:us-east-1:894850187425:data-pipeline-s3-notifications"}},"Effect":"Allow","Principal":{"Service":"sns.amazonaws.com"},"Resource":"arn:aws:sqs:us-east-1:894850187425:data-pipeline-data-processing","Sid":"AllowSNSMessages"}],"Version":"2012-10-17"}`,
					"queueUrl":   "https://sqs.us-east-1.amazonaws.com/894850187425/data-pipeline-data-processing",
					"region":     "us-east-1",
				},
				Outputs: map[string]interface{}{
					"id":       "https://sqs.us-east-1.amazonaws.com/894850187425/data-pipeline-data-processing",
					"policy":   `{"Statement":[{"Action":"sqs:SendMessage","Condition":{"ArnEquals":{"aws:SourceArn":"arn:aws:sns:us-east-1:894850187425:data-pipeline-s3-notifications"}},"Effect":"Allow","Principal":{"Service":"sns.amazonaws.com"},"Resource":"arn:aws:sqs:us-east-1:894850187425:data-pipeline-data-processing","Sid":"AllowSNSMessages"}],"Version":"2012-10-17"}`,
					"queueUrl": "https://sqs.us-east-1.amazonaws.com/894850187425/data-pipeline-data-processing",
					"region":   "us-east-1",
				},
				Parent:   urn.URN("urn:pulumi:dev::pulumi-state-adapter-8803::pulumi:pulumi:Stack::pulumi-state-adapter-8803-dev"),
				Provider: "urn:pulumi:dev::pulumi-state-adapter-8803::pulumi:providers:archive::default_0_3_5::a339fe8e-e15d-4203-8719-c0ca5d3f414e",
				Created: valast.Ptr(time.Date(2025,
					12,
					3,
					19,
					1,
					43,
					427129000,
					time.Local)),
				Modified: valast.Ptr(time.Date(2025,
					12,
					3,
					19,
					1,
					43,
					427129000,
					time.Local)),
			},
			{
				URN:    urn.URN("urn:pulumi:dev::pulumi-state-adapter-8803::aws:s3/bucket:Bucket::this"),
				Custom: true,
				ID:     resource.ID("data-pipeline-data-lake-894850187425"),
				Type:   tokens.Type("aws:s3/bucket:Bucket"),
				Inputs: map[string]interface{}{
					"__defaults": []interface{}{},
					"bucket":     "data-pipeline-data-lake-894850187425",
					"grants": []interface{}{map[string]interface{}{
						"__defaults":  []interface{}{},
						"id":          "69c80caa37c265d93308334e41ddd9ee253ab9f1460124a3c64fa7e21f3ef5b3",
						"permissions": []interface{}{"FULL_CONTROL"},
						"type":        "CanonicalUser",
					}},
					"lifecycleRules": []interface{}{map[string]interface{}{
						"__defaults": []interface{}{},
						"enabled":    true,
						"id":         "transition-to-ia",
						"noncurrentVersionExpiration": map[string]interface{}{
							"__defaults": []interface{}{},
							"days":       365,
						},
						"transitions": []interface{}{
							map[string]interface{}{
								"__defaults":   []interface{}{},
								"days":         30,
								"storageClass": "STANDARD_IA",
							},
							map[string]interface{}{
								"__defaults":   []interface{}{},
								"days":         90,
								"storageClass": "GLACIER",
							},
						},
					}},
					"region":       "us-east-1",
					"requestPayer": "BucketOwner",
					"serverSideEncryptionConfiguration": map[string]interface{}{
						"__defaults": []interface{}{},
						"rule": map[string]interface{}{
							"__defaults": []interface{}{},
							"applyServerSideEncryptionByDefault": map[string]interface{}{
								"__defaults":   []interface{}{},
								"sseAlgorithm": "aws:kms",
							},
							"bucketKeyEnabled": true,
						},
					},
					"tags": map[string]interface{}{
						"Purpose":    "Data Lake Storage",
						"__defaults": []interface{}{},
					},
					"tagsAll": map[string]interface{}{
						"Environment": "dev",
						"ManagedBy":   "Terraform",
						"Project":     "data-pipeline",
						"Purpose":     "Data Lake Storage",
						"__defaults":  []interface{}{},
					},
					"versioning": map[string]interface{}{
						"__defaults": []interface{}{},
						"enabled":    true,
					},
				},
				Outputs: map[string]interface{}{
					"accelerationStatus":       "",
					"acl":                      nil,
					"arn":                      "arn:aws:s3:::data-pipeline-data-lake-894850187425",
					"bucket":                   "data-pipeline-data-lake-894850187425",
					"bucketDomainName":         "data-pipeline-data-lake-894850187425.s3.amazonaws.com",
					"bucketPrefix":             "",
					"bucketRegion":             "us-east-1",
					"bucketRegionalDomainName": "data-pipeline-data-lake-894850187425.s3.us-east-1.amazonaws.com",
					"corsRules":                []interface{}{},
					"forceDestroy":             false,
					"grants": []interface{}{map[string]interface{}{
						"id":          "69c80caa37c265d93308334e41ddd9ee253ab9f1460124a3c64fa7e21f3ef5b3",
						"permissions": []interface{}{"FULL_CONTROL"},
						"type":        "CanonicalUser",
						"uri":         "",
					}},
					"hostedZoneId": "Z3AQBSTGFYJSTF",
					"id":           "data-pipeline-data-lake-894850187425",
					"lifecycleRules": []interface{}{map[string]interface{}{
						"abortIncompleteMultipartUploadDays": 0,
						"enabled":                            true,
						"expiration":                         nil,
						"id":                                 "transition-to-ia",
						"noncurrentVersionExpiration":        map[string]interface{}{"days": 365},
						"noncurrentVersionTransitions":       []interface{}{},
						"prefix":                             "",
						"tags":                               map[string]interface{}{},
						"transitions": []interface{}{
							map[string]interface{}{
								"date":         "",
								"days":         30,
								"storageClass": "STANDARD_IA",
							},
							map[string]interface{}{
								"date":         "",
								"days":         90,
								"storageClass": "GLACIER",
							},
						},
					}},
					"logging":                  nil,
					"objectLockConfiguration":  nil,
					"objectLockEnabled":        false,
					"policy":                   "",
					"region":                   "us-east-1",
					"replicationConfiguration": nil,
					"requestPayer":             "BucketOwner",
					"serverSideEncryptionConfiguration": map[string]interface{}{"rule": map[string]interface{}{
						"applyServerSideEncryptionByDefault": map[string]interface{}{
							"kmsMasterKeyId": "",
							"sseAlgorithm":   "aws:kms",
						},
						"bucketKeyEnabled": true,
					}},
					"tags": map[string]interface{}{"Purpose": "Data Lake Storage"},
					"tagsAll": map[string]interface{}{
						"Environment": "dev",
						"ManagedBy":   "Terraform",
						"Project":     "data-pipeline",
						"Purpose":     "Data Lake Storage",
					},
					"versioning": map[string]interface{}{
						"enabled":   true,
						"mfaDelete": false,
					},
					"website":         nil,
					"websiteDomain":   nil,
					"websiteEndpoint": nil,
				},
				Parent:   urn.URN("urn:pulumi:dev::pulumi-state-adapter-8803::pulumi:pulumi:Stack::pulumi-state-adapter-8803-dev"),
				Provider: "urn:pulumi:dev::pulumi-state-adapter-8803::pulumi:providers:archive::default_0_3_5::a339fe8e-e15d-4203-8719-c0ca5d3f414e",
				Created: valast.Ptr(time.Date(2025,
					12,
					3,
					19,
					1,
					43,
					427129000,
					time.Local)),
				Modified: valast.Ptr(time.Date(2025,
					12,
					3,
					19,
					1,
					43,
					427129000,
					time.Local)),
			},
			{
				URN:    urn.URN("urn:pulumi:dev::pulumi-state-adapter-8803::aws:s3/bucketLifecycleConfiguration:BucketLifecycleConfiguration::this"),
				Custom: true,
				ID:     resource.ID("data-pipeline-data-lake-894850187425"),
				Type:   tokens.Type("aws:s3/bucketLifecycleConfiguration:BucketLifecycleConfiguration"),
				Inputs: map[string]interface{}{
					"__defaults": []interface{}{},
					"bucket":     "data-pipeline-data-lake-894850187425",
					"region":     "us-east-1",
					"rules": []interface{}{map[string]interface{}{
						"__defaults": []interface{}{},
						"id":         "transition-to-ia",
						"noncurrentVersionExpiration": map[string]interface{}{
							"__defaults":     []interface{}{},
							"noncurrentDays": 365,
						},
						"status": "Enabled",
						"transitions": []interface{}{
							map[string]interface{}{
								"__defaults":   []interface{}{},
								"days":         30,
								"storageClass": "STANDARD_IA",
							},
							map[string]interface{}{
								"__defaults":   []interface{}{},
								"days":         90,
								"storageClass": "GLACIER",
							},
						},
					}},
					"transitionDefaultMinimumObjectSize": "all_storage_classes_128K",
				},
				Outputs: map[string]interface{}{
					"bucket":              "data-pipeline-data-lake-894850187425",
					"expectedBucketOwner": "",
					"id":                  "data-pipeline-data-lake-894850187425",
					"region":              "us-east-1",
					"rules": []interface{}{map[string]interface{}{
						"abortIncompleteMultipartUpload": nil,
						"expiration":                     nil,
						"filter": map[string]interface{}{
							"and":                   nil,
							"objectSizeGreaterThan": nil,
							"objectSizeLessThan":    nil,
							"prefix":                "",
							"tag":                   nil,
						},
						"id": "transition-to-ia",
						"noncurrentVersionExpiration": map[string]interface{}{
							"newerNoncurrentVersions": nil,
							"noncurrentDays":          365,
						},
						"noncurrentVersionTransitions": []interface{}{},
						"prefix":                       "",
						"status":                       "Enabled",
						"transitions": []interface{}{
							map[string]interface{}{
								"date":         nil,
								"days":         30,
								"storageClass": "STANDARD_IA",
							},
							map[string]interface{}{
								"date":         nil,
								"days":         90,
								"storageClass": "GLACIER",
							},
						},
					}},
					"transitionDefaultMinimumObjectSize": "all_storage_classes_128K",
				},
				Parent:   urn.URN("urn:pulumi:dev::pulumi-state-adapter-8803::pulumi:pulumi:Stack::pulumi-state-adapter-8803-dev"),
				Provider: "urn:pulumi:dev::pulumi-state-adapter-8803::pulumi:providers:archive::default_0_3_5::a339fe8e-e15d-4203-8719-c0ca5d3f414e",
				Created: valast.Ptr(time.Date(2025,
					12,
					3,
					19,
					1,
					43,
					427129000,
					time.Local)),
				Modified: valast.Ptr(time.Date(2025,
					12,
					3,
					19,
					1,
					43,
					427129000,
					time.Local)),
			},
			{
				URN:    urn.URN("urn:pulumi:dev::pulumi-state-adapter-8803::aws:s3/bucketOwnershipControls:BucketOwnershipControls::this"),
				Custom: true,
				ID:     resource.ID("data-pipeline-data-lake-894850187425"),
				Type:   tokens.Type("aws:s3/bucketOwnershipControls:BucketOwnershipControls"),
				Inputs: map[string]interface{}{
					"__defaults": []interface{}{},
					"bucket":     "data-pipeline-data-lake-894850187425",
					"region":     "us-east-1",
					"rule": map[string]interface{}{
						"__defaults":      []interface{}{},
						"objectOwnership": "BucketOwnerEnforced",
					},
				},
				Outputs: map[string]interface{}{
					"bucket": "data-pipeline-data-lake-894850187425",
					"id":     "data-pipeline-data-lake-894850187425",
					"region": "us-east-1",
					"rule":   map[string]interface{}{"objectOwnership": "BucketOwnerEnforced"},
				},
				Parent:   urn.URN("urn:pulumi:dev::pulumi-state-adapter-8803::pulumi:pulumi:Stack::pulumi-state-adapter-8803-dev"),
				Provider: "urn:pulumi:dev::pulumi-state-adapter-8803::pulumi:providers:archive::default_0_3_5::a339fe8e-e15d-4203-8719-c0ca5d3f414e",
				Created: valast.Ptr(time.Date(2025,
					12,
					3,
					19,
					1,
					43,
					427129000,
					time.Local)),
				Modified: valast.Ptr(time.Date(2025,
					12,
					3,
					19,
					1,
					43,
					427129000,
					time.Local)),
			},
			{
				URN:    urn.URN("urn:pulumi:dev::pulumi-state-adapter-8803::aws:s3/bucketPublicAccessBlock:BucketPublicAccessBlock::this"),
				Custom: true,
				ID:     resource.ID("data-pipeline-data-lake-894850187425"),
				Type:   tokens.Type("aws:s3/bucketPublicAccessBlock:BucketPublicAccessBlock"),
				Inputs: map[string]interface{}{
					"__defaults":            []interface{}{},
					"blockPublicAcls":       true,
					"blockPublicPolicy":     true,
					"bucket":                "data-pipeline-data-lake-894850187425",
					"ignorePublicAcls":      true,
					"region":                "us-east-1",
					"restrictPublicBuckets": true,
				},
				Outputs: map[string]interface{}{
					"blockPublicAcls":       true,
					"blockPublicPolicy":     true,
					"bucket":                "data-pipeline-data-lake-894850187425",
					"id":                    "data-pipeline-data-lake-894850187425",
					"ignorePublicAcls":      true,
					"region":                "us-east-1",
					"restrictPublicBuckets": true,
					"skipDestroy":           nil,
				},
				Parent:   urn.URN("urn:pulumi:dev::pulumi-state-adapter-8803::pulumi:pulumi:Stack::pulumi-state-adapter-8803-dev"),
				Provider: "urn:pulumi:dev::pulumi-state-adapter-8803::pulumi:providers:archive::default_0_3_5::a339fe8e-e15d-4203-8719-c0ca5d3f414e",
				Created: valast.Ptr(time.Date(2025,
					12,
					3,
					19,
					1,
					43,
					427129000,
					time.Local)),
				Modified: valast.Ptr(time.Date(2025,
					12,
					3,
					19,
					1,
					43,
					427129000,
					time.Local)),
			},
			{
				URN:    urn.URN("urn:pulumi:dev::pulumi-state-adapter-8803::aws:s3/bucketServerSideEncryptionConfiguration:BucketServerSideEncryptionConfiguration::this"),
				Custom: true,
				ID:     resource.ID("data-pipeline-data-lake-894850187425"),
				Type:   tokens.Type("aws:s3/bucketServerSideEncryptionConfiguration:BucketServerSideEncryptionConfiguration"),
				Inputs: map[string]interface{}{
					"__defaults": []interface{}{},
					"bucket":     "data-pipeline-data-lake-894850187425",
					"region":     "us-east-1",
					"rules": []interface{}{map[string]interface{}{
						"__defaults": []interface{}{},
						"applyServerSideEncryptionByDefault": map[string]interface{}{
							"__defaults":   []interface{}{},
							"sseAlgorithm": "aws:kms",
						},
						"bucketKeyEnabled": true,
					}},
				},
				Outputs: map[string]interface{}{
					"bucket":              "data-pipeline-data-lake-894850187425",
					"expectedBucketOwner": "",
					"id":                  "data-pipeline-data-lake-894850187425",
					"region":              "us-east-1",
					"rules": []interface{}{map[string]interface{}{
						"applyServerSideEncryptionByDefault": map[string]interface{}{
							"kmsMasterKeyId": "",
							"sseAlgorithm":   "aws:kms",
						},
						"bucketKeyEnabled": true,
					}},
				},
				Parent:   urn.URN("urn:pulumi:dev::pulumi-state-adapter-8803::pulumi:pulumi:Stack::pulumi-state-adapter-8803-dev"),
				Provider: "urn:pulumi:dev::pulumi-state-adapter-8803::pulumi:providers:archive::default_0_3_5::a339fe8e-e15d-4203-8719-c0ca5d3f414e",
				Created: valast.Ptr(time.Date(2025,
					12,
					3,
					19,
					1,
					43,
					427129000,
					time.Local)),
				Modified: valast.Ptr(time.Date(2025,
					12,
					3,
					19,
					1,
					43,
					427129000,
					time.Local)),
			},
			{
				URN:    urn.URN("urn:pulumi:dev::pulumi-state-adapter-8803::aws:s3/bucketVersioning:BucketVersioning::this"),
				Custom: true,
				ID:     resource.ID("data-pipeline-data-lake-894850187425"),
				Type:   tokens.Type("aws:s3/bucketVersioning:BucketVersioning"),
				Inputs: map[string]interface{}{
					"__defaults": []interface{}{},
					"bucket":     "data-pipeline-data-lake-894850187425",
					"region":     "us-east-1",
					"versioningConfiguration": map[string]interface{}{
						"__defaults": []interface{}{},
						"status":     "Enabled",
					},
				},
				Outputs: map[string]interface{}{
					"bucket":              "data-pipeline-data-lake-894850187425",
					"expectedBucketOwner": "",
					"id":                  "data-pipeline-data-lake-894850187425",
					"mfa":                 nil,
					"region":              "us-east-1",
					"versioningConfiguration": map[string]interface{}{
						"mfaDelete": "",
						"status":    "Enabled",
					},
				},
				Parent:   urn.URN("urn:pulumi:dev::pulumi-state-adapter-8803::pulumi:pulumi:Stack::pulumi-state-adapter-8803-dev"),
				Provider: "urn:pulumi:dev::pulumi-state-adapter-8803::pulumi:providers:archive::default_0_3_5::a339fe8e-e15d-4203-8719-c0ca5d3f414e",
				Created: valast.Ptr(time.Date(2025,
					12,
					3,
					19,
					1,
					43,
					427129000,
					time.Local)),
				Modified: valast.Ptr(time.Date(2025,
					12,
					3,
					19,
					1,
					43,
					427129000,
					time.Local)),
			},
		},
	},
	Version: 3,
}
