tests.testOutput{
	initialValue: &[]string{
		"val2",
		"val3",
	},
	changeValue: &[]string{
		"val1",
		"val2",
		"val3",
	},
	tfOut: `
Terraform used the selected providers to generate the following execution
plan. Resource actions are indicated with the following symbols:
+/- create replacement and then destroy

Terraform will perform the following actions:

  # crossprovider_test_res.example must be replaced
+/- resource "crossprovider_test_res" "example" {
      ~ id   = "id" -> (known after apply)
      ~ prop = [ # forces replacement
          + "val1",
            # (2 unchanged elements hidden)
        ]
    }

Plan: 1 to add, 0 to change, 1 to destroy.

`,
	pulumiOut: `Previewing update (test):
  pulumi:pulumi:Stack: (same)
    [urn=urn:pulumi:test::project::pulumi:pulumi:Stack::project-test]
    +-crossprovider:index/testRes:TestRes: (replace)
        [id=id]
        [urn=urn:pulumi:test::project::crossprovider:index/testRes:TestRes::example]
      ~ props: [
          + [0]: "val1"
        ]
Resources:
    +-1 to replace
    1 unchanged
`,
	detailedDiff: map[string]interface{}{"props[0]": map[string]interface{}{"kind": "ADD_REPLACE"}},
}
