tests.testOutput{
	initialValue: &[]string{
		"val1",
		"val3",
	},
	changeValue: &[]string{
		"val1",
		"val2",
		"val3",
	},
	tfOut: `
Terraform used the selected providers to generate the following execution
plan. Resource actions are indicated with the following symbols:
  ~ update in-place

Terraform will perform the following actions:

  # crossprovider_test_res.example will be updated in-place
  ~ resource "crossprovider_test_res" "example" {
        id = "id"

      ~ prop {
          ~ nested_prop = "val3" -> "val2"
            # (1 unchanged attribute hidden)
        }
      + prop {
          + nested_prop = "val3"
        }

        # (1 unchanged block hidden)
    }

Plan: 0 to add, 1 to change, 0 to destroy.

`,
	pulumiOut: `Previewing update (test):
  pulumi:pulumi:Stack: (same)
    [urn=urn:pulumi:test::project::pulumi:pulumi:Stack::project-test]
    ~ crossprovider:index/testRes:TestRes: (update)
        [id=id]
        [urn=urn:pulumi:test::project::crossprovider:index/testRes:TestRes::example]
      ~ props: [
          ~ [1]: {
                  ~ nestedProp: "val3" => "val2"
                }
          + [2]: {
                  + nestedProp: "val3"
                }
        ]
Resources:
    ~ 1 to update
    1 unchanged
`,
	detailedDiff: map[string]interface{}{
		"props[1].nestedProp": map[string]interface{}{"kind": "UPDATE"},
		"props[2]":            map[string]interface{}{},
	},
}
