{
  "name": "myprov",
  "attribution": "This Pulumi package is based on the [`myprov` Terraform Provider](https://github.com/terraform-providers/terraform-provider-myprov).",
  "meta": {
    "moduleFormat": "(.*)(?:/[^/]*)"
  },
  "language": {
    "nodejs": {
      "compatibility": "tfbridge20",
      "disableUnionOutputTypes": true,
      "readme": "\u003e This provider is a derived work of the [Terraform Provider](https://github.com/terraform-providers/terraform-provider-myprov)\n\u003e distributed under [MPL 2.0](https://www.mozilla.org/en-US/MPL/2.0/). If you encounter a bug or missing feature,\n\u003e first check the [`pulumi-myprov` repo](/issues); however, if that doesn't turn up anything,\n\u003e please consult the source [`terraform-provider-myprov` repo](https://github.com/terraform-providers/terraform-provider-myprov/issues)."
    },
    "python": {
      "compatibility": "tfbridge20",
      "pyproject": {},
      "readme": "\u003e This provider is a derived work of the [Terraform Provider](https://github.com/terraform-providers/terraform-provider-myprov)\n\u003e distributed under [MPL 2.0](https://www.mozilla.org/en-US/MPL/2.0/). If you encounter a bug or missing feature,\n\u003e first check the [`pulumi-myprov` repo](/issues); however, if that doesn't turn up anything,\n\u003e please consult the source [`terraform-provider-myprov` repo](https://github.com/terraform-providers/terraform-provider-myprov/issues)."
    }
  },
  "config": {},
  "types": {
    "myprov:index/WebAclStatement:WebAclStatement": {
      "properties": {
        "andStatement": {
          "$ref": "#/types/myprov:index/WebAclStatementAndStatement:WebAclStatementAndStatement"
        },
        "rateBasedStatement": {
          "$ref": "#/types/myprov:index/WebAclStatementRateBasedStatement:WebAclStatementRateBasedStatement"
        },
        "regexMatchStatement": {
          "$ref": "#/types/myprov:index/WebAclStatementRegexMatchStatement:WebAclStatementRegexMatchStatement"
        },
        "sqliMatchStatement": {
          "$ref": "#/types/myprov:index/WebAclStatementSqliMatchStatement:WebAclStatementSqliMatchStatement"
        }
      },
      "type": "object"
    },
    "myprov:index/WebAclStatementAndStatement:WebAclStatementAndStatement": {
      "properties": {
        "statements": {
          "type": "array",
          "items": {
            "$ref": "#/types/myprov:index/WebAclStatementAndStatementStatement:WebAclStatementAndStatementStatement"
          }
        }
      },
      "type": "object",
      "required": [
        "statements"
      ]
    },
    "myprov:index/WebAclStatementAndStatementStatement:WebAclStatementAndStatementStatement": {
      "properties": {
        "andStatement": {
          "$ref": "#/types/myprov:index/WebAclStatementAndStatement:WebAclStatementAndStatement"
        },
        "regexMatchStatement": {
          "$ref": "#/types/myprov:index/WebAclStatementAndStatementStatementRegexMatchStatement:WebAclStatementAndStatementStatementRegexMatchStatement"
        },
        "sqliMatchStatement": {
          "$ref": "#/types/myprov:index/WebAclStatementAndStatementStatementSqliMatchStatement:WebAclStatementAndStatementStatementSqliMatchStatement"
        },
        "xssMatchStatement": {
          "$ref": "#/types/myprov:index/WebAclStatementAndStatementStatementXssMatchStatement:WebAclStatementAndStatementStatementXssMatchStatement"
        }
      },
      "type": "object"
    },
    "myprov:index/WebAclStatementAndStatementStatementRegexMatchStatement:WebAclStatementAndStatementStatementRegexMatchStatement": {
      "properties": {
        "fieldToMatch": {
          "$ref": "#/types/myprov:index/WebAclStatementAndStatementStatementXssMatchStatementFieldToMatch:WebAclStatementAndStatementStatementXssMatchStatementFieldToMatch"
        },
        "regexString": {
          "type": "string"
        },
        "textTransformations": {
          "type": "array",
          "items": {
            "$ref": "#/types/myprov:index/WebAclStatementAndStatementStatementSqliMatchStatementTextTransformation:WebAclStatementAndStatementStatementSqliMatchStatementTextTransformation"
          }
        }
      },
      "type": "object",
      "required": [
        "regexString",
        "textTransformations"
      ]
    },
    "myprov:index/WebAclStatementAndStatementStatementSqliMatchStatement:WebAclStatementAndStatementStatementSqliMatchStatement": {
      "properties": {
        "fieldToMatch": {
          "$ref": "#/types/myprov:index/WebAclStatementAndStatementStatementXssMatchStatementFieldToMatch:WebAclStatementAndStatementStatementXssMatchStatementFieldToMatch"
        },
        "textTransformations": {
          "type": "array",
          "items": {
            "$ref": "#/types/myprov:index/WebAclStatementAndStatementStatementSqliMatchStatementTextTransformation:WebAclStatementAndStatementStatementSqliMatchStatementTextTransformation"
          }
        }
      },
      "type": "object",
      "required": [
        "textTransformations"
      ]
    },
    "myprov:index/WebAclStatementAndStatementStatementSqliMatchStatementTextTransformation:WebAclStatementAndStatementStatementSqliMatchStatementTextTransformation": {
      "properties": {
        "priority": {
          "type": "integer"
        },
        "type": {
          "type": "string"
        }
      },
      "type": "object",
      "required": [
        "priority",
        "type"
      ]
    },
    "myprov:index/WebAclStatementAndStatementStatementXssMatchStatement:WebAclStatementAndStatementStatementXssMatchStatement": {
      "properties": {
        "fieldToMatch": {
          "$ref": "#/types/myprov:index/WebAclStatementAndStatementStatementXssMatchStatementFieldToMatch:WebAclStatementAndStatementStatementXssMatchStatementFieldToMatch"
        }
      },
      "type": "object"
    },
    "myprov:index/WebAclStatementAndStatementStatementXssMatchStatementFieldToMatch:WebAclStatementAndStatementStatementXssMatchStatementFieldToMatch": {
      "properties": {
        "method": {
          "$ref": "#/types/myprov:index/WebAclStatementAndStatementStatementXssMatchStatementFieldToMatchMethod:WebAclStatementAndStatementStatementXssMatchStatementFieldToMatchMethod"
        }
      },
      "type": "object"
    },
    "myprov:index/WebAclStatementAndStatementStatementXssMatchStatementFieldToMatchMethod:WebAclStatementAndStatementStatementXssMatchStatementFieldToMatchMethod": {
      "type": "object"
    },
    "myprov:index/WebAclStatementRateBasedStatement:WebAclStatementRateBasedStatement": {
      "properties": {
        "aggregateKeyType": {
          "type": "string"
        },
        "scopeDownStatement": {
          "$ref": "#/types/myprov:index/WebAclStatementRateBasedStatementScopeDownStatement:WebAclStatementRateBasedStatementScopeDownStatement"
        }
      },
      "type": "object"
    },
    "myprov:index/WebAclStatementRateBasedStatementScopeDownStatement:WebAclStatementRateBasedStatementScopeDownStatement": {
      "properties": {
        "andStatement": {
          "$ref": "#/types/myprov:index/WebAclStatementAndStatement:WebAclStatementAndStatement"
        },
        "regexMatchStatement": {
          "$ref": "#/types/myprov:index/WebAclStatementRateBasedStatementScopeDownStatementRegexMatchStatement:WebAclStatementRateBasedStatementScopeDownStatementRegexMatchStatement"
        },
        "sqliMatchStatement": {
          "$ref": "#/types/myprov:index/WebAclStatementRateBasedStatementScopeDownStatementSqliMatchStatement:WebAclStatementRateBasedStatementScopeDownStatementSqliMatchStatement"
        },
        "xssMatchStatement": {
          "$ref": "#/types/myprov:index/WebAclStatementRateBasedStatementScopeDownStatementXssMatchStatement:WebAclStatementRateBasedStatementScopeDownStatementXssMatchStatement"
        }
      },
      "type": "object"
    },
    "myprov:index/WebAclStatementRateBasedStatementScopeDownStatementRegexMatchStatement:WebAclStatementRateBasedStatementScopeDownStatementRegexMatchStatement": {
      "properties": {
        "fieldToMatch": {
          "$ref": "#/types/myprov:index/WebAclStatementRateBasedStatementScopeDownStatementRegexMatchStatementFieldToMatch:WebAclStatementRateBasedStatementScopeDownStatementRegexMatchStatementFieldToMatch"
        },
        "regexString": {
          "type": "string"
        },
        "textTransformations": {
          "type": "array",
          "items": {
            "$ref": "#/types/myprov:index/WebAclStatementRateBasedStatementScopeDownStatementRegexMatchStatementTextTransformation:WebAclStatementRateBasedStatementScopeDownStatementRegexMatchStatementTextTransformation"
          }
        }
      },
      "type": "object",
      "required": [
        "regexString",
        "textTransformations"
      ]
    },
    "myprov:index/WebAclStatementRateBasedStatementScopeDownStatementRegexMatchStatementFieldToMatch:WebAclStatementRateBasedStatementScopeDownStatementRegexMatchStatementFieldToMatch": {
      "properties": {
        "method": {
          "$ref": "#/types/myprov:index/WebAclStatementRateBasedStatementScopeDownStatementRegexMatchStatementFieldToMatchMethod:WebAclStatementRateBasedStatementScopeDownStatementRegexMatchStatementFieldToMatchMethod"
        }
      },
      "type": "object"
    },
    "myprov:index/WebAclStatementRateBasedStatementScopeDownStatementRegexMatchStatementFieldToMatchMethod:WebAclStatementRateBasedStatementScopeDownStatementRegexMatchStatementFieldToMatchMethod": {
      "type": "object"
    },
    "myprov:index/WebAclStatementRateBasedStatementScopeDownStatementRegexMatchStatementTextTransformation:WebAclStatementRateBasedStatementScopeDownStatementRegexMatchStatementTextTransformation": {
      "properties": {
        "priority": {
          "type": "integer"
        },
        "type": {
          "type": "string"
        }
      },
      "type": "object",
      "required": [
        "priority",
        "type"
      ]
    },
    "myprov:index/WebAclStatementRateBasedStatementScopeDownStatementSqliMatchStatement:WebAclStatementRateBasedStatementScopeDownStatementSqliMatchStatement": {
      "properties": {
        "fieldToMatch": {
          "$ref": "#/types/myprov:index/WebAclStatementRateBasedStatementScopeDownStatementSqliMatchStatementFieldToMatch:WebAclStatementRateBasedStatementScopeDownStatementSqliMatchStatementFieldToMatch"
        },
        "textTransformations": {
          "type": "array",
          "items": {
            "$ref": "#/types/myprov:index/WebAclStatementRateBasedStatementScopeDownStatementSqliMatchStatementTextTransformation:WebAclStatementRateBasedStatementScopeDownStatementSqliMatchStatementTextTransformation"
          }
        }
      },
      "type": "object",
      "required": [
        "textTransformations"
      ]
    },
    "myprov:index/WebAclStatementRateBasedStatementScopeDownStatementSqliMatchStatementFieldToMatch:WebAclStatementRateBasedStatementScopeDownStatementSqliMatchStatementFieldToMatch": {
      "properties": {
        "method": {
          "$ref": "#/types/myprov:index/WebAclStatementRateBasedStatementScopeDownStatementSqliMatchStatementFieldToMatchMethod:WebAclStatementRateBasedStatementScopeDownStatementSqliMatchStatementFieldToMatchMethod"
        }
      },
      "type": "object"
    },
    "myprov:index/WebAclStatementRateBasedStatementScopeDownStatementSqliMatchStatementFieldToMatchMethod:WebAclStatementRateBasedStatementScopeDownStatementSqliMatchStatementFieldToMatchMethod": {
      "type": "object"
    },
    "myprov:index/WebAclStatementRateBasedStatementScopeDownStatementSqliMatchStatementTextTransformation:WebAclStatementRateBasedStatementScopeDownStatementSqliMatchStatementTextTransformation": {
      "properties": {
        "priority": {
          "type": "integer"
        },
        "type": {
          "type": "string"
        }
      },
      "type": "object",
      "required": [
        "priority",
        "type"
      ]
    },
    "myprov:index/WebAclStatementRateBasedStatementScopeDownStatementXssMatchStatement:WebAclStatementRateBasedStatementScopeDownStatementXssMatchStatement": {
      "properties": {
        "fieldToMatch": {
          "$ref": "#/types/myprov:index/WebAclStatementRateBasedStatementScopeDownStatementXssMatchStatementFieldToMatch:WebAclStatementRateBasedStatementScopeDownStatementXssMatchStatementFieldToMatch"
        }
      },
      "type": "object"
    },
    "myprov:index/WebAclStatementRateBasedStatementScopeDownStatementXssMatchStatementFieldToMatch:WebAclStatementRateBasedStatementScopeDownStatementXssMatchStatementFieldToMatch": {
      "properties": {
        "method": {
          "$ref": "#/types/myprov:index/WebAclStatementRateBasedStatementScopeDownStatementXssMatchStatementFieldToMatchMethod:WebAclStatementRateBasedStatementScopeDownStatementXssMatchStatementFieldToMatchMethod"
        }
      },
      "type": "object"
    },
    "myprov:index/WebAclStatementRateBasedStatementScopeDownStatementXssMatchStatementFieldToMatchMethod:WebAclStatementRateBasedStatementScopeDownStatementXssMatchStatementFieldToMatchMethod": {
      "type": "object"
    },
    "myprov:index/WebAclStatementRegexMatchStatement:WebAclStatementRegexMatchStatement": {
      "properties": {
        "fieldToMatch": {
          "$ref": "#/types/myprov:index/WebAclStatementRegexMatchStatementFieldToMatch:WebAclStatementRegexMatchStatementFieldToMatch"
        },
        "regexString": {
          "type": "string"
        },
        "textTransformations": {
          "type": "array",
          "items": {
            "$ref": "#/types/myprov:index/WebAclStatementRegexMatchStatementTextTransformation:WebAclStatementRegexMatchStatementTextTransformation"
          }
        }
      },
      "type": "object",
      "required": [
        "regexString",
        "textTransformations"
      ]
    },
    "myprov:index/WebAclStatementRegexMatchStatementFieldToMatch:WebAclStatementRegexMatchStatementFieldToMatch": {
      "properties": {
        "method": {
          "$ref": "#/types/myprov:index/WebAclStatementRegexMatchStatementFieldToMatchMethod:WebAclStatementRegexMatchStatementFieldToMatchMethod"
        }
      },
      "type": "object"
    },
    "myprov:index/WebAclStatementRegexMatchStatementFieldToMatchMethod:WebAclStatementRegexMatchStatementFieldToMatchMethod": {
      "type": "object"
    },
    "myprov:index/WebAclStatementRegexMatchStatementTextTransformation:WebAclStatementRegexMatchStatementTextTransformation": {
      "properties": {
        "priority": {
          "type": "integer"
        },
        "type": {
          "type": "string"
        }
      },
      "type": "object",
      "required": [
        "priority",
        "type"
      ]
    },
    "myprov:index/WebAclStatementSqliMatchStatement:WebAclStatementSqliMatchStatement": {
      "properties": {
        "fieldToMatch": {
          "$ref": "#/types/myprov:index/WebAclStatementSqliMatchStatementFieldToMatch:WebAclStatementSqliMatchStatementFieldToMatch"
        },
        "textTransformations": {
          "type": "array",
          "items": {
            "$ref": "#/types/myprov:index/WebAclStatementSqliMatchStatementTextTransformation:WebAclStatementSqliMatchStatementTextTransformation"
          }
        }
      },
      "type": "object",
      "required": [
        "textTransformations"
      ]
    },
    "myprov:index/WebAclStatementSqliMatchStatementFieldToMatch:WebAclStatementSqliMatchStatementFieldToMatch": {
      "properties": {
        "method": {
          "$ref": "#/types/myprov:index/WebAclStatementSqliMatchStatementFieldToMatchMethod:WebAclStatementSqliMatchStatementFieldToMatchMethod"
        }
      },
      "type": "object"
    },
    "myprov:index/WebAclStatementSqliMatchStatementFieldToMatchMethod:WebAclStatementSqliMatchStatementFieldToMatchMethod": {
      "type": "object"
    },
    "myprov:index/WebAclStatementSqliMatchStatementTextTransformation:WebAclStatementSqliMatchStatementTextTransformation": {
      "properties": {
        "priority": {
          "type": "integer"
        },
        "type": {
          "type": "string"
        }
      },
      "type": "object",
      "required": [
        "priority",
        "type"
      ]
    }
  },
  "provider": {
    "description": "The provider type for the myprov package. By default, resources use package-wide configuration\nsettings, however an explicit `Provider` instance may be created and passed during resource\nconstruction to achieve fine-grained programmatic control over provider settings. See the\n[documentation](https://www.pulumi.com/docs/reference/programming-model/#providers) for more information.\n"
  },
  "resources": {
    "myprov:index:WebAcl": {
      "properties": {
        "statement": {
          "$ref": "#/types/myprov:index/WebAclStatement:WebAclStatement"
        }
      },
      "required": [
        "statement"
      ],
      "inputProperties": {
        "statement": {
          "$ref": "#/types/myprov:index/WebAclStatement:WebAclStatement"
        }
      },
      "requiredInputs": [
        "statement"
      ],
      "stateInputs": {
        "description": "Input properties used for looking up and filtering WebAcl resources.\n",
        "properties": {
          "statement": {
            "$ref": "#/types/myprov:index/WebAclStatement:WebAclStatement"
          }
        },
        "type": "object"
      }
    }
  }
}