{
    "name": "terraform-provider",
    "displayName": "Any Terraform Provider",
    "description": "Use any Terraform provider with Pulumi",
    "keywords": [
        "category/utility"
    ],
    "license": "Apache-2.0",
    "repository": "https://github.com/pulumi/pulumi-terraform-provider",
    "logoUrl": "https://raw.githubusercontent.com/pulumi/pulumi-terraform-provider/main/assets/logo.png",
    "meta": {
        "moduleFormat": "(.*)(?:/[^/]*)"
    },
    "config": {},
    "provider": {}
}