This example should translate at least the Pulumi config

## Example Usage

```yaml
# Pulumi.yaml provider configuration file
name: configuration-example
runtime: 
config:
    simple:authUrl:
        value: http://myauthurl:5000/v3
    simple:password:
        value: pwd
    simple:region:
        value: RegionOne
    simple:tenantName:
        value: admin
    simple:userName:
        value: admin

```


## Configuration Reference

The following configuration inputs are supported:
