"This example should translate at least the Pulumi config\n\n## Example Usage\n\n```yaml\n# Pulumi.yaml provider configuration file\nname: configuration-example\nruntime: \nconfig:\n    simple-provider:authUrl:\n        value: http://myauthurl:5000/v3\n    simple-provider:password:\n        value: pwd\n    simple-provider:region:\n        value: RegionOne\n    simple-provider:tenantName:\n        value: admin\n    simple-provider:userName:\n        value: admin\n\n```\n\n\n## Configuration Reference\n\nThe following configuration inputs are supported:\n"
