tfbridgetests.testOutput{
	initialValue: &[]string{
		"value0",
		"value1",
		"value2",
		"value3",
		"value4",
		"value5",
		"value6",
		"value7",
		"value8",
		"value9",
		"value10",
		"value11",
		"value12",
		"value13",
		"value14",
		"value15",
		"value16",
		"value17",
		"value18",
		"value19",
	},
	changeValue: &[]string{
		"value0",
		"value1",
		"value2",
		"value3",
		"value4",
		"value5",
		"value6",
		"value7",
		"value8",
		"value9",
		"value10",
		"value11",
		"value12",
		"value13",
		"value14",
		"value15",
		"value16",
		"value17",
		"value18",
		"value19",
		"value20",
	},
	tfOut: `
Terraform used the selected providers to generate the following execution
plan. Resource actions are indicated with the following symbols:
  ~ update in-place

Terraform will perform the following actions:

  # testprovider_test.res will be updated in-place
  ~ resource "testprovider_test" "res" {
        id  = "test-id"
      ~ key = [
            # (19 unchanged elements hidden)
            "value19",
          + "value20",
        ]
    }

Plan: 0 to add, 1 to change, 0 to destroy.

`,
	pulumiOut: `Previewing update (test):
  pulumi:pulumi:Stack: (same)
    [urn=urn:pulumi:test::project::pulumi:pulumi:Stack::project-test]
    ~ testprovider:index/test:Test: (update)
        [id=test-id]
        [urn=urn:pulumi:test::project::testprovider:index/test:Test::p]
      ~ keys: [
            [0]: "value0"
            [1]: "value1"
            [2]: "value2"
            [3]: "value3"
            [4]: "value4"
            [5]: "value5"
            [6]: "value6"
            [7]: "value7"
            [8]: "value8"
            [9]: "value9"
            [10]: "value10"
            [11]: "value11"
            [12]: "value12"
            [13]: "value13"
            [14]: "value14"
            [15]: "value15"
            [16]: "value16"
            [17]: "value17"
            [18]: "value18"
            [19]: "value19"
          + [20]: "value20"
        ]
Resources:
    ~ 1 to update
    1 unchanged
`,
}
