{
  "properties":  {
    "attrBoolComputed":  "04da6b54-80e4-46f7-96ec-b56ff0331ba9",
    "attrBoolRequired":  true,
    "attrIntComputed":  "04da6b54-80e4-46f7-96ec-b56ff0331ba9",
    "attrIntRequired":  64,
    "attrStringComputed":  "04da6b54-80e4-46f7-96ec-b56ff0331ba9",
    "attrStringRequired":  "s",
    "id":  "04da6b54-80e4-46f7-96ec-b56ff0331ba9"
  }
}