{
  "id": "output-id",
  "inputs": {},
  "properties": {
    "__pulumi_raw_state_delta": {
      "obj": {}
    },
    "attrBoolRequired": true,
    "attrIntComputed": 10000,
    "attrIntRequired": 64,
    "attrNumberRequired": 12.3456,
    "attrStringComputed": "t",
    "attrStringDefault": "default-value",
    "attrStringDefaultOverridden": "overridden",
    "attrStringRequired": "s",
    "id": "output-id"
  }
}