{
  "properties": {
    "__pulumi_raw_state_delta": {
      "obj": {
        "ps": {
          "attrBoolComputed": {
            "replace": {
              "raw": null
            }
          },
          "attrNumberComputed": {
            "replace": {
              "raw": null
            }
          },
          "attrStringComputed": {
            "replace": {
              "raw": null
            }
          },
          "attrStringWriteOnly": {
            "replace": {
              "raw": null
            }
          }
        }
      }
    },
    "attrBoolRequired": true,
    "attrIntComputed": 256,
    "attrIntRequired": 64,
    "attrNumberRequired": 12.3456,
    "attrStringDefault": "default-value",
    "attrStringDefaultOverridden": "overridden",
    "attrStringRequired": "s",
    "id": "output-id"
  }
}