tests.testOutput{
	initialValue: valast.Ptr(""), changeValue: valast.Ptr("val1"),
	tfOut: `
Terraform used the selected providers to generate the following execution
plan. Resource actions are indicated with the following symbols:
  ~ update in-place

Terraform will perform the following actions:

  # crossprovider_test_res.example will be updated in-place
  ~ resource "crossprovider_test_res" "example" {
        id   = "id"
      ~ prop = "computed" -> "val1"
    }

Plan: 0 to add, 1 to change, 0 to destroy.

`,
	pulumiOut: `Previewing update (test):
  pulumi:pulumi:Stack: (same)
    [urn=urn:pulumi:test::project::pulumi:pulumi:Stack::project-test]
    ~ crossprovider:index/testRes:TestRes: (update)
        [id=id]
        [urn=urn:pulumi:test::project::crossprovider:index/testRes:TestRes::example]
      ~ prop: "computed" => "val1"
Resources:
    ~ 1 to update
    1 unchanged
`,
	detailedDiff: map[string]interface{}{"prop": map[string]interface{}{"kind": "UPDATE"}},
}
