{
    "name": "testprovider",
    "attribution": "This Pulumi package is based on the [`testprovider` Terraform Provider](https://github.com/terraform-providers/terraform-provider-testprovider).",
    "meta": {
        "moduleFormat": "(.*)(?:/[^/]*)"
    },
    "config": {},
    "provider": {
        "methods": {
            "terraformConfig": "pulumi:providers:testprovider/terraformConfig"
        }
    },
    "resources": {
        "testprovider:index:Res": {
            "properties": {
                "a1": {
                    "type": "string"
                }
            },
            "inputProperties": {
                "a1": {
                    "type": "string"
                }
            },
            "stateInputs": {
                "description": "Input properties used for looking up and filtering Res resources.\n",
                "properties": {
                    "a1": {
                        "type": "string"
                    }
                },
                "type": "object"
            }
        }
    },
    "functions": {
        "pulumi:providers:testprovider/terraformConfig": {
            "description": "This function returns a Terraform config object with terraform-namecased keys,to be used with the Terraform Module Provider.",
            "inputs": {
                "properties": {
                    "__self__": {
                        "type": "ref",
                        "$ref": "#/resources/pulumi:providers:testprovider"
                    }
                },
                "type": "pulumi:providers:testprovider/terraformConfig",
                "required": [
                    "__self__"
                ]
            },
            "outputs": {
                "properties": {
                    "result": {
                        "additionalProperties": {
                            "$ref": "pulumi.json#/Any"
                        },
                        "type": "object"
                    }
                },
                "required": [
                    "result"
                ],
                "type": "object"
            }
        }
    }
}