tfbridgetests.testOutput{
	initialValue: &map[string]string{
		"nested": "value",
	},
	changeValue: &map[string]string{"nested": "changed"},
	tfOut: `
Terraform used the selected providers to generate the following execution
plan. Resource actions are indicated with the following symbols:
+/- create replacement and then destroy

Terraform will perform the following actions:

  # testprovider_test.res must be replaced
+/- resource "testprovider_test" "res" {
      ~ id = "test-id" -> (known after apply)

      ~ key { # forces replacement
          ~ nested = "value" -> "changed"
        }
    }

Plan: 1 to add, 0 to change, 1 to destroy.

`,
	pulumiOut: `Previewing update (test):
  pulumi:pulumi:Stack: (same)
    [urn=urn:pulumi:test::project::pulumi:pulumi:Stack::project-test]
    +-testprovider:index/test:Test: (replace)
        [id=test-id]
        [urn=urn:pulumi:test::project::testprovider:index/test:Test::p]
      ~ id : "test-id" => [unknown]
      ~ key: {
          ~ nested: "value" => "changed"
        }
Resources:
    +-1 to replace
    1 unchanged
`,
}
