{
  "properties": {
    "id": "04da6b54-80e4-46f7-96ec-b56ff0331ba9",
    "length": 6,
    "lower": true,
    "minLower": 0,
    "minNumeric": 0,
    "minSpecial": 0,
    "minUpper": 0,
    "number": true,
    "numeric": true,
    "result": "04da6b54-80e4-46f7-96ec-b56ff0331ba9",
    "special": true,
    "upper": true
  }
}