tfbridgetests.testOutput{
	initialValue: &[]string{
		"val1",
		"val2",
		"val3",
	},
	changeValue: &[]string{
		"val2",
		"val3",
	},
	tfOut: `
Terraform used the selected providers to generate the following execution
plan. Resource actions are indicated with the following symbols:
+/- create replacement and then destroy

Terraform will perform the following actions:

  # testprovider_test.res must be replaced
+/- resource "testprovider_test" "res" {
      ~ id = "test-id" -> (known after apply)

      - key { # forces replacement
          - computed = "computed-val1" -> null
          - nested   = "val1" -> null
        }
      - key { # forces replacement
          - computed = "computed-val2" -> null
          - nested   = "val2" -> null
        }
      - key { # forces replacement
          - computed = "computed-val3" -> null
          - nested   = "val3" -> null
        }
      + key { # forces replacement
          + computed = (known after apply)
          + nested   = "val2"
        }
      + key { # forces replacement
          + computed = (known after apply)
          + nested   = "val3"
        }
    }

Plan: 1 to add, 0 to change, 1 to destroy.

`,
	pulumiOut: `Previewing update (test):
  pulumi:pulumi:Stack: (same)
    [urn=urn:pulumi:test::project::pulumi:pulumi:Stack::project-test]
    +-testprovider:index/test:Test: (replace)
        [id=test-id]
        [urn=urn:pulumi:test::project::testprovider:index/test:Test::p]
      ~ id  : "test-id" => output<string>
      ~ keys: [
          ~ [0]: {
                  ~ computed: "computed-val1" => output<string>
                  ~ nested  : "val1" => "val2"
                }
          ~ [1]: {
                  ~ computed: "computed-val2" => output<string>
                  ~ nested  : "val2" => "val3"
                }
          - [2]: {
                  - computed: "computed-val3"
                  - nested  : "val3"
                }
        ]
Resources:
    +-1 to replace
    1 unchanged
`,
}
