tfbridgetests.testOutput{
	initialValue: &[]string{
		"value0",
		"value1",
		"value2",
		"value3",
		"value4",
		"value5",
		"value6",
		"value7",
		"value8",
		"value9",
		"value10",
		"value11",
		"value12",
		"value13",
		"value14",
		"value15",
		"value16",
		"value17",
		"value18",
		"value19",
	},
	changeValue: &[]string{
		"value0",
		"value1",
		"value2",
		"value3",
		"value4",
		"value5",
		"value6",
		"value7",
		"value8",
		"value9",
		"value10",
		"value11",
		"value12",
		"value13",
		"value14",
		"value15",
		"value16",
		"value17",
		"value18",
		"value19",
		"value20",
	},
	tfOut: `
Terraform used the selected providers to generate the following execution
plan. Resource actions are indicated with the following symbols:
+/- create replacement and then destroy

Terraform will perform the following actions:

  # testprovider_test.res must be replaced
+/- resource "testprovider_test" "res" {
      ~ id = "test-id" -> (known after apply)

      + key {
          + nested = "value20" # forces replacement
        }

        # (20 unchanged blocks hidden)
    }

Plan: 1 to add, 0 to change, 1 to destroy.

`,
	pulumiOut: `Previewing update (test):
  pulumi:pulumi:Stack: (same)
    [urn=urn:pulumi:test::project::pulumi:pulumi:Stack::project-test]
    +-testprovider:index/test:Test: (replace)
        [id=test-id]
        [urn=urn:pulumi:test::project::testprovider:index/test:Test::p]
      ~ id  : "test-id" => [unknown]
      ~ keys: [
            [0]: {
                    nested: "value0"
                }
            [1]: {
                    nested: "value1"
                }
            [2]: {
                    nested: "value2"
                }
            [3]: {
                    nested: "value3"
                }
            [4]: {
                    nested: "value4"
                }
            [5]: {
                    nested: "value5"
                }
            [6]: {
                    nested: "value6"
                }
            [7]: {
                    nested: "value7"
                }
            [8]: {
                    nested: "value8"
                }
            [9]: {
                    nested: "value9"
                }
            [10]: {
                    nested: "value10"
                }
            [11]: {
                    nested: "value11"
                }
            [12]: {
                    nested: "value12"
                }
            [13]: {
                    nested: "value13"
                }
            [14]: {
                    nested: "value14"
                }
            [15]: {
                    nested: "value15"
                }
            [16]: {
                    nested: "value16"
                }
            [17]: {
                    nested: "value17"
                }
            [18]: {
                    nested: "value18"
                }
            [19]: {
                    nested: "value19"
                }
          + [20]: {
                  + nested: "value20"
                }
        ]
Resources:
    +-1 to replace
    1 unchanged
`,
}
