See<span pulumi-lang-nodejs=" google.container.NodePool " pulumi-lang-dotnet=" google.container.NodePool " pulumi-lang-go=" container.NodePool " pulumi-lang-python=" container.NodePool " pulumi-lang-yaml=" google.container.NodePool " pulumi-lang-java=" google.container.NodePool "> google.container.NodePool </span>for schema.